============================= test session starts =============================
platform win32 -- Python 3.14.5, pytest-9.1.1, pluggy-1.6.0 -- C:\Python314\python.exe
cachedir: .pytest_cache
rootdir: C:\Users\ASUS\ares-ai
configfile: pyproject.toml
plugins: anyio-4.14.0, langsmith-0.8.18, asyncio-1.4.0, cov-7.1.0, httpx-0.36.2
asyncio: mode=Mode.AUTO, debug=False, asyncio_default_fixture_loop_scope=None, asyncio_default_test_loop_scope=function
collecting ... collected 765 items

tests/test_agent_base.py::TestAgentContext::test_default_context PASSED  [  0%]
tests/test_agent_base.py::TestAgentContext::test_custom_context PASSED   [  0%]
tests/test_agent_base.py::TestAgentContext::test_context_with_session PASSED [  0%]
tests/test_agent_base.py::TestAgentContext::test_context_auto_id_not_overwritten PASSED [  0%]
tests/test_agent_base.py::TestBaseAgent::test_agent_name_set PASSED      [  0%]
tests/test_agent_base.py::TestBaseAgent::test_valid_run PASSED           [  0%]
tests/test_agent_base.py::TestBaseAgent::test_run_with_dict_input PASSED [  0%]
tests/test_agent_base.py::TestBaseAgent::test_run_logs_success PASSED    [  1%]
tests/test_agent_base.py::TestBaseAgent::test_run_logs_failure PASSED    [  1%]
tests/test_agent_base.py::TestBaseAgent::test_validate_input_valid PASSED [  1%]
tests/test_agent_base.py::TestBaseAgent::test_validate_input_invalid PASSED [  1%]
tests/test_agent_base.py::TestBaseAgent::test_context_can_be_passed PASSED [  1%]
tests/test_agent_base.py::TestStubAgent::test_stub_raises_not_implemented PASSED [  1%]
tests/test_agent_base.py::TestStubAgent::test_stub_agent_name PASSED     [  1%]
tests/test_agent_log.py::TestAgentLogger::test_log_entry_stored PASSED   [  1%]
tests/test_agent_log.py::TestAgentLogger::test_log_failure PASSED        [  2%]
tests/test_agent_log.py::TestAgentLogger::test_get_recent PASSED         [  2%]
tests/test_agent_log.py::TestAgentLogger::test_get_by_agent PASSED       [  2%]
tests/test_agent_log.py::TestAgentLogger::test_get_failures_only PASSED  [  2%]
tests/test_agent_log.py::TestAgentLogger::test_clear PASSED              [  2%]
tests/test_agent_log.py::TestAgentLogger::test_to_list PASSED            [  2%]
tests/test_agent_log.py::TestAgentLogger::test_metadata PASSED           [  2%]
tests/test_agent_log.py::TestAgentLogger::test_input_output_schema PASSED [  3%]
tests/test_agents/test_execution_live_routing.py::test_routes_to_paper_when_mode_is_not_auto PASSED [  3%]
tests/test_agents/test_execution_live_routing.py::test_routes_to_paper_when_mode_auto_but_promotion_gate_failed PASSED [  3%]
tests/test_agents/test_execution_live_routing.py::test_routes_to_live_when_mode_auto_and_promotion_gate_passed PASSED [  3%]
tests/test_backtesting.py::TestMapSignalsToIndices::test_empty_signals PASSED [  3%]
tests/test_backtesting.py::TestMapSignalsToIndices::test_empty_candles PASSED [  3%]
tests/test_backtesting.py::TestMapSignalsToIndices::test_signal_maps_to_correct_index PASSED [  3%]
tests/test_backtesting.py::TestMapSignalsToIndices::test_signal_before_first_candle_maps_to_zero PASSED [  3%]
tests/test_backtesting.py::TestMapSignalsToIndices::test_signal_after_last_candle_maps_to_last PASSED [  4%]
tests/test_backtesting.py::TestMapSignalsToIndices::test_signals_sorted_by_index PASSED [  4%]
tests/test_backtesting.py::TestMapSignalsToIndices::test_signal_without_timestamp_skipped PASSED [  4%]
tests/test_backtesting.py::TestComputeMaxDrawdown::test_empty_curve PASSED [  4%]
tests/test_backtesting.py::TestComputeMaxDrawdown::test_single_value PASSED [  4%]
tests/test_backtesting.py::TestComputeMaxDrawdown::test_upwards_only PASSED [  4%]
tests/test_backtesting.py::TestComputeMaxDrawdown::test_simple_drawdown PASSED [  4%]
tests/test_backtesting.py::TestComputeMaxDrawdown::test_multiple_drawdowns_takes_max PASSED [  4%]
tests/test_backtesting.py::TestComputeMaxDrawdown::test_recovery_after_drawdown PASSED [  5%]
tests/test_backtesting.py::TestComputeMaxDrawdown::test_peak_at_start PASSED [  5%]
tests/test_backtesting.py::TestComputeMaxDrawdown::test_zero_values_handled PASSED [  5%]
tests/test_backtesting.py::TestComputeMaxDrawdown::test_negative_values_handled PASSED [  5%]
tests/test_backtesting.py::TestComputeMetrics::test_no_trades PASSED     [  5%]
tests/test_backtesting.py::TestComputeMetrics::test_metrics_fields_present PASSED [  5%]
tests/test_backtesting.py::TestComputeMetrics::test_win_rate_50pc PASSED [  5%]
tests/test_backtesting.py::TestComputeMetrics::test_win_rate_100pc PASSED [  6%]
tests/test_backtesting.py::TestComputeMetrics::test_sharpe_ratio PASSED  [  6%]
tests/test_backtesting.py::TestComputeMetrics::test_sharpe_single_trade_zero PASSED [  6%]
tests/test_backtesting.py::TestComputeMetrics::test_sortino_ratio PASSED [  6%]
tests/test_backtesting.py::TestComputeMetrics::test_profit_factor PASSED [  6%]
tests/test_backtesting.py::TestComputeMetrics::test_profit_factor_no_losses PASSED [  6%]
tests/test_backtesting.py::TestComputeMetrics::test_expectancy PASSED    [  6%]
tests/test_backtesting.py::TestComputeMetrics::test_recovery_factor PASSED [  6%]
tests/test_backtesting.py::TestComputeMetrics::test_recovery_factor_no_drawdown PASSED [  7%]
tests/test_backtesting.py::TestComputeMetrics::test_total_return_pct PASSED [  7%]
tests/test_backtesting.py::TestComputeMetrics::test_negative_return PASSED [  7%]
tests/test_backtesting.py::TestBacktestEngine::test_empty_candles PASSED [  7%]
tests/test_backtesting.py::TestBacktestEngine::test_single_candle PASSED [  7%]
tests/test_backtesting.py::TestBacktestEngine::test_no_signals PASSED    [  7%]
tests/test_backtesting.py::TestBacktestEngine::test_single_long_trade PASSED [  7%]
tests/test_backtesting.py::TestBacktestEngine::test_single_short_trade PASSED [  7%]
tests/test_backtesting.py::TestBacktestEngine::test_multiple_trades PASSED [  8%]
tests/test_backtesting.py::TestBacktestEngine::test_signals_ignored_while_position_open PASSED [  8%]
tests/test_backtesting.py::TestBacktestEngine::test_equity_curve_length PASSED [  8%]
tests/test_backtesting.py::TestBacktestEngine::test_signals_generated_count PASSED [  8%]
tests/test_backtesting.py::TestBacktestEngine::test_start_end_dates PASSED [  8%]
tests/test_backtesting.py::TestStopLossTakeProfit::test_stop_loss_hit_long PASSED [  8%]
tests/test_backtesting.py::TestStopLossTakeProfit::test_take_profit_hit_long PASSED [  8%]
tests/test_backtesting.py::TestStopLossTakeProfit::test_stop_loss_hit_short PASSED [  9%]
tests/test_backtesting.py::TestStopLossTakeProfit::test_take_profit_hit_short PASSED [  9%]
tests/test_backtesting.py::TestCommissionSlippage::test_commission_deducted PASSED [  9%]
tests/test_backtesting.py::TestCommissionSlippage::test_slippage_affects_entry PASSED [  9%]
tests/test_backtesting.py::TestCommissionSlippage::test_slippage_short_entry PASSED [  9%]
tests/test_backtesting.py::TestEdgeCases::test_min_capital_floor PASSED  [  9%]
tests/test_backtesting.py::TestEdgeCases::test_negative_initial_capital PASSED [  9%]
tests/test_backtesting.py::TestEdgeCases::test_dict_input_accepted PASSED [  9%]
tests/test_backtesting.py::TestEdgeCases::test_result_fields_present PASSED [ 10%]
tests/test_backtesting.py::TestEdgeCases::test_backtest_metrics_dataclass_defaults PASSED [ 10%]
tests/test_cache.py::TestMarketDataCache::test_cache_unavailable_by_default PASSED [ 10%]
tests/test_cache.py::TestMarketDataCache::test_cache_key_format PASSED   [ 10%]
tests/test_cache.py::TestMarketDataCache::test_cache_key_with_timestamp PASSED [ 10%]
tests/test_cache.py::TestMarketDataCache::test_range_key PASSED          [ 10%]
tests/test_cache.py::TestMarketDataCache::test_ttl_resolution PASSED     [ 10%]
tests/test_cache.py::TestMarketDataCache::test_get_candles_no_redis PASSED [ 10%]
tests/test_cache.py::TestMarketDataCache::test_set_candles_no_redis PASSED [ 11%]
tests/test_cache.py::TestMarketDataCache::test_invalidate_no_redis PASSED [ 11%]
tests/test_cache.py::TestMarketDataCache::test_clear_all_no_redis PASSED [ 11%]
tests/test_cache.py::TestNullCache::test_never_available PASSED          [ 11%]
tests/test_cache.py::TestNullCache::test_get_returns_none PASSED         [ 11%]
tests/test_cache.py::TestNullCache::test_set_returns_zero PASSED         [ 11%]
tests/test_cache.py::TestNullCache::test_invalidate_returns_false PASSED [ 11%]
tests/test_circuit_breaker.py::TestNoOpBreaker::test_never_trips PASSED  [ 12%]
tests/test_circuit_breaker.py::TestNoOpBreaker::test_methods_noop PASSED [ 12%]
tests/test_circuit_breaker.py::TestModelCircuitBreaker::test_starts_closed PASSED [ 12%]
tests/test_circuit_breaker.py::TestModelCircuitBreaker::test_records_success_resets_failures PASSED [ 12%]
tests/test_circuit_breaker.py::TestModelCircuitBreaker::test_trips_after_threshold_failures PASSED [ 12%]
tests/test_circuit_breaker.py::TestModelCircuitBreaker::test_resets_after_timeout PASSED [ 12%]
tests/test_circuit_breaker.py::TestModelCircuitBreaker::test_success_in_half_open_resets_to_closed PASSED [ 12%]
tests/test_circuit_breaker.py::TestModelCircuitBreaker::test_failure_in_half_open_goes_back_to_open PASSED [ 12%]
tests/test_circuit_breaker.py::TestModelCircuitBreaker::test_reset_manually PASSED [ 13%]
tests/test_circuit_breaker.py::TestModelCircuitBreaker::test_record_timeout_records_failure PASSED [ 13%]
tests/test_circuit_breaker.py::TestModelCircuitBreaker::test_stats PASSED [ 13%]
tests/test_circuit_breaker.py::TestModelCircuitBreaker::test_threshold_of_1_trips_immediately PASSED [ 13%]
tests/test_circuit_breaker.py::TestCircuitBreakerRegistry::test_get_creates_new PASSED [ 13%]
tests/test_circuit_breaker.py::TestCircuitBreakerRegistry::test_get_returns_same PASSED [ 13%]
tests/test_circuit_breaker.py::TestCircuitBreakerRegistry::test_register_with_custom_params PASSED [ 13%]
tests/test_circuit_breaker.py::TestCircuitBreakerRegistry::test_register_overwrites PASSED [ 13%]
tests/test_circuit_breaker.py::TestCircuitBreakerRegistry::test_all_stats PASSED [ 14%]
tests/test_circuit_breaker.py::TestCircuitBreakerRegistry::test_reset_all PASSED [ 14%]
tests/test_client.py::TestLLMClientInit::test_initializes_with_defaults PASSED [ 14%]
tests/test_client.py::TestLLMClientInit::test_initializes_with_custom_values PASSED [ 14%]
tests/test_client.py::TestNoOpLLMClient::test_chat_completion_returns_degraded PASSED [ 14%]
tests/test_client.py::TestNoOpLLMClient::test_parse_content PASSED       [ 14%]
tests/test_client.py::TestNoOpLLMClient::test_is_error_response_always_true PASSED [ 14%]
tests/test_client.py::TestNoOpLLMClient::test_chat_completion_with_fallback PASSED [ 15%]
tests/test_client.py::TestNoOpLLMClient::test_close_is_noop PASSED       [ 15%]
tests/test_client.py::TestCreateLLMClient::test_creates_noop_without_api_key PASSED [ 15%]
tests/test_config.py::test_settings_loaded PASSED                        [ 15%]
tests/test_config.py::test_settings_defaults PASSED                      [ 15%]
tests/test_config.py::test_models_yaml_exists PASSED                     [ 15%]
tests/test_config.py::test_models_yaml_valid PASSED                      [ 15%]
tests/test_config.py::test_all_agents_have_models PASSED                 [ 15%]
tests/test_config.py::test_vision_agent_fallback_count FAILED            [ 16%]
tests/test_config.py::test_circuit_breaker_defaults PASSED               [ 16%]
tests/test_config.py::test_models_yaml_timeouts PASSED                   [ 16%]
tests/test_consensus.py::TestConsensusEngine::test_both_above_80_agree_long PASSED [ 16%]
tests/test_consensus.py::TestConsensusEngine::test_both_above_80_agree_short PASSED [ 16%]
tests/test_consensus.py::TestConsensusEngine::test_market_analyst_below_80 PASSED [ 16%]
tests/test_consensus.py::TestConsensusEngine::test_quant_below_80 PASSED [ 16%]
tests/test_consensus.py::TestConsensusEngine::test_both_below_threshold PASSED [ 16%]
tests/test_consensus.py::TestConsensusEngine::test_agree_on_flat PASSED  [ 17%]
tests/test_consensus.py::TestConsensusEngine::test_disagree_on_direction PASSED [ 17%]
tests/test_consensus.py::TestConsensusEngine::test_market_analyst_missing PASSED [ 17%]
tests/test_consensus.py::TestConsensusEngine::test_quant_missing PASSED  [ 17%]
tests/test_consensus.py::TestConsensusEngine::test_both_missing PASSED   [ 17%]
tests/test_consensus.py::TestConsensusEngine::test_agreement_metrics_are_present PASSED [ 17%]
tests/test_consensus.py::TestConsensusEngine::test_composite_confidence_average PASSED [ 17%]
tests/test_consensus.py::TestConsensusEngine::test_composite_confidence_when_one_low PASSED [ 18%]
tests/test_consensus.py::TestConsensusEngine::test_edge_confidence_just_above_80 PASSED [ 18%]
tests/test_consensus.py::TestConsensusEngine::test_edge_confidence_exactly_80 PASSED [ 18%]
tests/test_consensus.py::TestConsensusEngine::test_edge_confidence_just_below_80 PASSED [ 18%]
tests/test_data_models.py::TestOHLCVData::test_valid_ohlcv PASSED        [ 18%]
tests/test_data_models.py::TestOHLCVData::test_db_export PASSED          [ 18%]
tests/test_data_models.py::TestOHLCVData::test_optional_fields PASSED    [ 18%]
tests/test_data_models.py::TestOHLCVData::test_invalid_interval PASSED   [ 18%]
tests/test_data_models.py::TestOHLCVData::test_invalid_source PASSED     [ 19%]
tests/test_data_models.py::TestIntervalValidation::test_valid_intervals PASSED [ 19%]
tests/test_data_models.py::TestIntervalValidation::test_invalid_interval PASSED [ 19%]
tests/test_data_models.py::TestIntervalValidation::test_empty_interval PASSED [ 19%]
tests/test_data_models.py::TestSourceValidation::test_valid_sources PASSED [ 19%]
tests/test_data_models.py::TestSourceValidation::test_invalid_source PASSED [ 19%]
tests/test_data_models.py::TestMarketDataRequest::test_defaults PASSED   [ 19%]
tests/test_data_models.py::TestMarketDataRequest::test_end_date_default PASSED [ 20%]
tests/test_data_models.py::TestMarketDataRequest::test_full_params PASSED [ 20%]
tests/test_data_models.py::TestMarketDataRequest::test_invalid_interval_raises PASSED [ 20%]
tests/test_data_models.py::TestMarketDataResult::test_defaults PASSED    [ 20%]
tests/test_data_models.py::TestMarketDataResult::test_with_data PASSED   [ 20%]
tests/test_data_sources.py::TestYahooFinanceSource::test_fetch_ohlcv PASSED [ 20%]
tests/test_data_sources.py::TestYahooFinanceSource::test_fetch_ohlcv_empty_response PASSED [ 20%]
tests/test_data_sources.py::TestYahooFinanceSource::test_fetch_ohlcv_missing_data PASSED [ 20%]
tests/test_data_sources.py::TestYahooFinanceSource::test_normalize_symbol PASSED [ 21%]
tests/test_data_sources.py::TestCoinGeckoSource::test_fetch_ohlcv PASSED [ 21%]
tests/test_data_sources.py::TestCoinGeckoSource::test_fetch_ohlcv_unknown_symbol PASSED [ 21%]
tests/test_data_sources.py::TestCoinGeckoSource::test_normalize_symbol PASSED [ 21%]
tests/test_data_sources.py::TestCoinGeckoSource::test_denormalize_symbol PASSED [ 21%]
tests/test_data_sources.py::TestBinanceSource::test_fetch_ohlcv PASSED   [ 21%]
tests/test_data_sources.py::TestBinanceSource::test_normalize_symbol PASSED [ 21%]
tests/test_data_sources.py::TestBinanceSource::test_denormalize_symbol PASSED [ 21%]
tests/test_data_sources.py::TestSourceRegistry::test_create_default_registry PASSED [ 22%]
tests/test_data_sources.py::TestSourceRegistry::test_get_source PASSED   [ 22%]
tests/test_data_sources.py::TestSourceRegistry::test_get_unknown_source PASSED [ 22%]
tests/test_data_sources.py::TestSourceRegistry::test_register_custom_source PASSED [ 22%]
tests/test_execution_agent.py::TestExecutionAgent::test_output_structure FAILED [ 22%]
tests/test_execution_agent.py::TestExecutionAgent::test_executed_true_on_approval FAILED [ 22%]
tests/test_execution_agent.py::TestExecutionAgent::test_executed_false_no_risk_output FAILED [ 22%]
tests/test_execution_agent.py::TestExecutionAgent::test_executed_false_risk_rejected FAILED [ 23%]
tests/test_execution_agent.py::TestExecutionAgent::test_executed_false_flat_direction FAILED [ 23%]
tests/test_execution_agent.py::TestExecutionAgent::test_executed_false_no_market_analyst FAILED [ 23%]
tests/test_execution_agent.py::TestExecutionAgent::test_fill_price_from_latest_candle FAILED [ 23%]
tests/test_execution_agent.py::TestExecutionAgent::test_empty_candles FAILED [ 23%]
tests/test_execution_agent.py::TestExecutionAgent::test_reversal_detected FAILED [ 23%]
tests/test_execution_agent.py::TestExecutionAgent::test_short_execution FAILED [ 23%]
tests/test_execution_agent.py::TestExecutionAgent::test_run_method PASSED [ 23%]
tests/test_improvement.py::TestStrategyImprovementEngine::test_init PASSED [ 24%]
tests/test_improvement.py::TestStrategyImprovementEngine::test_analyze_with_insufficient_history PASSED [ 24%]
tests/test_improvement.py::TestStrategyImprovementEngine::test_metrics_after_multiple_runs PASSED [ 24%]
tests/test_improvement.py::TestStrategyImprovementEngine::test_win_rate_decline_detection PASSED [ 24%]
tests/test_improvement.py::TestStrategyImprovementEngine::test_confidence_accuracy_decline_detection PASSED [ 24%]
tests/test_improvement.py::TestStrategyImprovementEngine::test_persistent_error_detection PASSED [ 24%]
tests/test_improvement.py::TestStrategyImprovementEngine::test_suggestion_overlap_detected PASSED [ 24%]
tests/test_improvement.py::TestStrategyImprovementEngine::test_apply_improvement PASSED [ 24%]
tests/test_improvement.py::TestStrategyImprovementEngine::test_apply_nonexistent PASSED [ 25%]
tests/test_improvement.py::TestStrategyImprovementEngine::test_metrics_summary_properties PASSED [ 25%]
tests/test_improvement.py::TestStrategyImprovementEngine::test_recent_improvements_ordering PASSED [ 25%]
tests/test_improvement.py::TestStrategyImprovementEngine::test_empty_improvements PASSED [ 25%]
tests/test_improvement.py::TestStrategyImprovementEngine::test_get_improvement_engine_singleton PASSED [ 25%]
tests/test_improvement.py::TestStrategyImprovementEngine::test_reset_clears_history PASSED [ 25%]
tests/test_improvement.py::TestImprovementRecord::test_record_defaults PASSED [ 25%]
tests/test_improvement.py::TestImprovementRecord::test_record_with_metrics PASSED [ 26%]
tests/test_indicators.py::TestSMA::test_simple_moving_average PASSED     [ 26%]
tests/test_indicators.py::TestSMA::test_sma_period_equals_length PASSED  [ 26%]
tests/test_indicators.py::TestSMA::test_sma_returns_none_for_insufficient_data PASSED [ 26%]
tests/test_indicators.py::TestSMA::test_sma_empty_list PASSED            [ 26%]
tests/test_indicators.py::TestSMA::test_sma_ignores_none_and_nan PASSED  [ 26%]
tests/test_indicators.py::TestSMA::test_sma_with_zero_price PASSED       [ 26%]
tests/test_indicators.py::TestSMA::test_sma_single_valid_in_period PASSED [ 26%]
tests/test_indicators.py::TestEMA::test_ema_calculation PASSED           [ 27%]
tests/test_indicators.py::TestEMA::test_ema_insufficient_data PASSED     [ 27%]
tests/test_indicators.py::TestEMA::test_ema_empty PASSED                 [ 27%]
tests/test_indicators.py::TestEMA::test_emas_multiple_periods PASSED     [ 27%]
tests/test_indicators.py::TestRSI::test_rsi_oversold PASSED              [ 27%]
tests/test_indicators.py::TestRSI::test_rsi_overbought PASSED            [ 27%]
tests/test_indicators.py::TestRSI::test_rsi_neutral PASSED               [ 27%]
tests/test_indicators.py::TestRSI::test_rsi_insufficient_data PASSED     [ 27%]
tests/test_indicators.py::TestRSI::test_rsi_all_gains_all_losses PASSED  [ 28%]
tests/test_indicators.py::TestRSI::test_rsi_all_losses PASSED            [ 28%]
tests/test_indicators.py::TestRSI::test_rsi_empty_prices PASSED          [ 28%]
tests/test_indicators.py::TestMACD::test_macd_insufficient_data PASSED   [ 28%]
tests/test_indicators.py::TestMACD::test_macd_sufficient_data PASSED     [ 28%]
tests/test_indicators.py::TestMACD::test_macd_rising_prices_give_positive PASSED [ 28%]
tests/test_indicators.py::TestMACD::test_macd_falling_prices_give_negative PASSED [ 28%]
tests/test_indicators.py::TestBollingerBands::test_bollinger_basics PASSED [ 29%]
tests/test_indicators.py::TestBollingerBands::test_bollinger_constant_prices PASSED [ 29%]
tests/test_indicators.py::TestBollingerBands::test_bollinger_insufficient_data PASSED [ 29%]
tests/test_indicators.py::TestBollingerBands::test_bollinger_upper_lower_symmetric PASSED [ 29%]
tests/test_indicators.py::TestBollingerBands::test_bollinger_with_volatility PASSED [ 29%]
tests/test_indicators.py::TestATR::test_atr_basic PASSED                 [ 29%]
tests/test_indicators.py::TestATR::test_atr_insufficient_data PASSED     [ 29%]
tests/test_indicators.py::TestATR::test_atr_empty PASSED                 [ 29%]
tests/test_indicators.py::TestSupportResistance::test_find_support_levels PASSED [ 30%]
tests/test_indicators.py::TestSupportResistance::test_find_resistance_levels PASSED [ 30%]
tests/test_indicators.py::TestSupportResistance::test_insufficient_data PASSED [ 30%]
tests/test_indicators.py::TestAllIndicators::test_compute_all_with_valid_data PASSED [ 30%]
tests/test_indicators.py::TestAllIndicators::test_compute_all_with_minimal_data PASSED [ 30%]
tests/test_indicators.py::TestAllIndicators::test_compute_all_empty PASSED [ 30%]
tests/test_indicators.py::TestAllIndicators::test_compute_all_price_change PASSED [ 30%]
tests/test_indicators.py::TestAllIndicators::test_compute_all_trend_bullish PASSED [ 30%]
tests/test_indicators.py::TestAllIndicators::test_compute_all_with_volume PASSED [ 31%]
tests/test_ingestor.py::TestMarketDataIngestor::test_ingest_empty_result PASSED [ 31%]
tests/test_ingestor.py::TestMarketDataIngestor::test_ingest_with_data PASSED [ 31%]
tests/test_ingestor.py::TestMarketDataIngestor::test_ingest_source_error PASSED [ 31%]
tests/test_ingestor.py::TestMarketDataIngestor::test_ingest_batch PASSED [ 31%]
tests/test_ingestor.py::TestMarketDataIngestor::test_refresh PASSED      [ 31%]
tests/test_ingestor.py::TestMarketDataIngestor::test_stats PASSED        [ 31%]
tests/test_ingestor.py::TestMarketDataIngestor::test_stats_tracked PASSED [ 32%]
tests/test_journal_agent.py::TestJournalAgent::test_output_structure PASSED [ 32%]
tests/test_journal_agent.py::TestJournalAgent::test_executed_trade_entry PASSED [ 32%]
tests/test_journal_agent.py::TestJournalAgent::test_rejected_trade_mistakes PASSED [ 32%]
tests/test_journal_agent.py::TestJournalAgent::test_errors_detected PASSED [ 32%]
tests/test_journal_agent.py::TestJournalAgent::test_lessons_extracted PASSED [ 32%]
tests/test_journal_agent.py::TestJournalAgent::test_empty_input_graceful PASSED [ 32%]
tests/test_live_trading/test_audit.py::TestAuditEntry::test_create_entry PASSED [ 32%]
tests/test_live_trading/test_audit.py::TestAuditEntry::test_entry_immutable PASSED [ 33%]
tests/test_live_trading/test_audit.py::TestAuditEntry::test_to_dict PASSED [ 33%]
tests/test_live_trading/test_audit.py::TestOrderAuditor::test_record_and_count PASSED [ 33%]
tests/test_live_trading/test_audit.py::TestOrderAuditor::test_recent_returns_newest_first PASSED [ 33%]
tests/test_live_trading/test_audit.py::TestOrderAuditor::test_all_returns_everything PASSED [ 33%]
tests/test_live_trading/test_audit.py::TestOrderAuditor::test_clear PASSED [ 33%]
tests/test_live_trading/test_audit.py::TestOrderAuditor::test_max_entries_prunes_oldest PASSED [ 33%]
tests/test_live_trading/test_audit.py::TestOrderAuditor::test_to_dicts PASSED [ 33%]
tests/test_live_trading/test_engine.py::TestEngineLifecycle::test_start_connects_and_runs PASSED [ 34%]
tests/test_live_trading/test_engine.py::TestEngineLifecycle::test_stop_disconnects PASSED [ 34%]
tests/test_live_trading/test_engine.py::TestEngineLifecycle::test_start_returns_false_on_failure PASSED [ 34%]
tests/test_live_trading/test_engine.py::TestEngineProperties::test_is_connected_delegates_to_exchange PASSED [ 34%]
tests/test_live_trading/test_engine.py::TestEngineProperties::test_mode_returns_mode_manager_mode PASSED [ 34%]
tests/test_live_trading/test_engine.py::TestEngineProperties::test_paper_record PASSED [ 34%]
tests/test_live_trading/test_engine.py::TestEngineProperties::test_paper_record_not_promoted PASSED [ 34%]
tests/test_live_trading/test_engine.py::TestPreTradeChecks::test_kill_switch_blocks PASSED [ 35%]
tests/test_live_trading/test_engine.py::TestPreTradeChecks::test_promotion_gate_blocks PASSED [ 35%]
tests/test_live_trading/test_engine.py::TestPreTradeChecks::test_exchange_disconnect_blocks PASSED [ 35%]
tests/test_live_trading/test_engine.py::TestPreTradeChecks::test_all_checks_pass PASSED [ 35%]
tests/test_live_trading/test_engine.py::TestExecuteSignal::test_execute_signal_success PASSED [ 35%]
tests/test_live_trading/test_engine.py::TestExecuteSignal::test_execute_signal_with_agent_chain PASSED [ 35%]
tests/test_live_trading/test_engine.py::TestExecuteSignal::test_execute_signal_requires_approval_in_human_mode PASSED [ 35%]
tests/test_live_trading/test_engine.py::TestExecuteSignal::test_execute_signal_with_approval_in_human_mode PASSED [ 35%]
tests/test_live_trading/test_engine.py::TestExecuteSignal::test_execute_signal_kill_switch_blocks PASSED [ 36%]
tests/test_live_trading/test_engine.py::TestExecuteSignal::test_execute_signal_promotion_fails PASSED [ 36%]
tests/test_live_trading/test_engine.py::TestExecuteSignal::test_execute_signal_records_audit PASSED [ 36%]
tests/test_live_trading/test_engine.py::TestExecuteSignal::test_execute_signal_records_audit_even_when_pending_approval PASSED [ 36%]
tests/test_live_trading/test_exchange_base.py::test_exchange_balance_defaults PASSED [ 36%]
tests/test_live_trading/test_exchange_base.py::test_exchange_order_required_fields PASSED [ 36%]
tests/test_live_trading/test_exchange_base.py::test_exchange_position_fields PASSED [ 36%]
tests/test_live_trading/test_exchange_base.py::test_abc_cannot_instantiate PASSED [ 36%]
tests/test_live_trading/test_exchange_base.py::test_stub_connectors_implement_abc FAILED [ 37%]
tests/test_live_trading/test_exchange_binance.py::TestBinanceConnectorInit::test_init_stores_config PASSED [ 37%]
tests/test_live_trading/test_exchange_binance.py::TestBinanceConnectorInit::test_init_not_connected PASSED [ 37%]
tests/test_live_trading/test_exchange_binance.py::TestBinanceConnectorConnect::test_connect_success PASSED [ 37%]
tests/test_live_trading/test_exchange_binance.py::TestBinanceConnectorConnect::test_connect_sets_testnet_urls PASSED [ 37%]
tests/test_live_trading/test_exchange_binance.py::TestBinanceConnectorConnect::test_connect_no_auth_skips_balance_check PASSED [ 37%]
tests/test_live_trading/test_exchange_binance.py::TestBinanceConnectorBalance::test_get_balance PASSED [ 37%]
tests/test_live_trading/test_exchange_binance.py::TestBinanceConnectorOrders::test_create_order PASSED [ 38%]
tests/test_live_trading/test_exchange_binance.py::TestBinanceConnectorOrders::test_cancel_order PASSED [ 38%]
tests/test_live_trading/test_exchange_binance.py::TestBinanceConnectorOrders::test_get_order_status PASSED [ 38%]
tests/test_live_trading/test_exchange_binance.py::TestBinanceConnectorMarketData::test_get_ticker PASSED [ 38%]
tests/test_live_trading/test_exchange_binance.py::TestBinanceConnectorMarketData::test_fetch_ohlcv PASSED [ 38%]
tests/test_live_trading/test_exchange_binance.py::TestBinanceConnectorErrors::test_create_order_network_error FAILED [ 38%]
tests/test_live_trading/test_exchange_binance.py::TestBinanceConnectorErrors::test_create_order_insufficient_funds FAILED [ 38%]
tests/test_live_trading/test_exchange_binance.py::TestBinanceConnectorErrors::test_operation_when_not_connected PASSED [ 38%]
tests/test_live_trading/test_exchange_binance.py::TestSymbolConversion::test_dash_usd_to_ccxt PASSED [ 39%]
tests/test_live_trading/test_exchange_binance.py::TestSymbolConversion::test_dash_eth_to_ccxt PASSED [ 39%]
tests/test_live_trading/test_exchange_binance.py::TestSymbolConversion::test_usdt_no_dash PASSED [ 39%]
tests/test_live_trading/test_exchange_binance.py::TestSymbolConversion::test_already_slashed PASSED [ 39%]
tests/test_live_trading/test_exchange_binance.py::TestSymbolConversion::test_lowercase PASSED [ 39%]
tests/test_live_trading/test_exchange_binance.py::TestSymbolConversion::test_slash_without_usdt PASSED [ 39%]
tests/test_live_trading/test_exchange_binance.py::TestSymbolConversion::test_raw_base PASSED [ 39%]
tests/test_live_trading/test_exchange_binance.py::TestSymbolConversion::test_eth_raw PASSED [ 40%]
tests/test_live_trading/test_exchange_bybit.py::TestBybitConnector::test_init FAILED [ 40%]
tests/test_live_trading/test_exchange_bybit.py::TestBybitConnector::test_connect_success FAILED [ 40%]
tests/test_live_trading/test_exchange_bybit.py::TestBybitConnector::test_connect_no_keys FAILED [ 40%]
tests/test_live_trading/test_exchange_bybit.py::TestBybitConnector::test_connect_auth_failure FAILED [ 40%]
tests/test_live_trading/test_exchange_bybit.py::TestBybitConnector::test_connect_network_error FAILED [ 40%]
tests/test_live_trading/test_exchange_bybit.py::TestBybitConnector::test_disconnect ERROR [ 40%]
tests/test_live_trading/test_exchange_bybit.py::TestBybitConnector::test_get_balance FAILED [ 40%]
tests/test_live_trading/test_exchange_bybit.py::TestBybitConnector::test_get_balance_not_connected ERROR [ 41%]
tests/test_live_trading/test_exchange_bybit.py::TestBybitConnector::test_create_order FAILED [ 41%]
tests/test_live_trading/test_exchange_bybit.py::TestBybitConnector::test_create_order_insufficient_funds FAILED [ 41%]
tests/test_live_trading/test_exchange_bybit.py::TestBybitConnector::test_cancel_order FAILED [ 41%]
tests/test_live_trading/test_exchange_bybit.py::TestBybitConnector::test_get_order_status FAILED [ 41%]
tests/test_live_trading/test_exchange_bybit.py::TestBybitConnector::test_get_ticker FAILED [ 41%]
tests/test_live_trading/test_exchange_bybit.py::TestBybitConnector::test_fetch_ohlcv FAILED [ 41%]
tests/test_live_trading/test_exchange_bybit.py::TestBybitConnector::test_to_ccxt_symbol FAILED [ 41%]
tests/test_live_trading/test_exchange_coinbase.py::TestCoinbaseConnector::test_init FAILED [ 42%]
tests/test_live_trading/test_exchange_coinbase.py::TestCoinbaseConnector::test_connect_success FAILED [ 42%]
tests/test_live_trading/test_exchange_coinbase.py::TestCoinbaseConnector::test_connect_no_keys FAILED [ 42%]
tests/test_live_trading/test_exchange_coinbase.py::TestCoinbaseConnector::test_connect_auth_failure FAILED [ 42%]
tests/test_live_trading/test_exchange_coinbase.py::TestCoinbaseConnector::test_connect_network_error FAILED [ 42%]
tests/test_live_trading/test_exchange_coinbase.py::TestCoinbaseConnector::test_disconnect ERROR [ 42%]
tests/test_live_trading/test_exchange_coinbase.py::TestCoinbaseConnector::test_get_balance FAILED [ 42%]
tests/test_live_trading/test_exchange_coinbase.py::TestCoinbaseConnector::test_get_balance_not_connected ERROR [ 43%]
tests/test_live_trading/test_exchange_coinbase.py::TestCoinbaseConnector::test_create_order FAILED [ 43%]
tests/test_live_trading/test_exchange_coinbase.py::TestCoinbaseConnector::test_create_order_insufficient_funds FAILED [ 43%]
tests/test_live_trading/test_exchange_coinbase.py::TestCoinbaseConnector::test_cancel_order FAILED [ 43%]
tests/test_live_trading/test_exchange_coinbase.py::TestCoinbaseConnector::test_get_order_status FAILED [ 43%]
tests/test_live_trading/test_exchange_coinbase.py::TestCoinbaseConnector::test_get_ticker FAILED [ 43%]
tests/test_live_trading/test_exchange_coinbase.py::TestCoinbaseConnector::test_fetch_ohlcv FAILED [ 43%]
tests/test_live_trading/test_exchange_coinbase.py::TestCoinbaseConnector::test_to_ccxt_symbol FAILED [ 43%]
tests/test_live_trading/test_exchange_kraken.py::TestKrakenConnector::test_init FAILED [ 44%]
tests/test_live_trading/test_exchange_kraken.py::TestKrakenConnector::test_connect_success FAILED [ 44%]
tests/test_live_trading/test_exchange_kraken.py::TestKrakenConnector::test_connect_no_keys FAILED [ 44%]
tests/test_live_trading/test_exchange_kraken.py::TestKrakenConnector::test_connect_auth_failure FAILED [ 44%]
tests/test_live_trading/test_exchange_kraken.py::TestKrakenConnector::test_connect_network_error FAILED [ 44%]
tests/test_live_trading/test_exchange_kraken.py::TestKrakenConnector::test_disconnect ERROR [ 44%]
tests/test_live_trading/test_exchange_kraken.py::TestKrakenConnector::test_get_balance FAILED [ 44%]
tests/test_live_trading/test_exchange_kraken.py::TestKrakenConnector::test_get_balance_not_connected ERROR [ 44%]
tests/test_live_trading/test_exchange_kraken.py::TestKrakenConnector::test_create_order FAILED [ 45%]
tests/test_live_trading/test_exchange_kraken.py::TestKrakenConnector::test_create_order_insufficient_funds FAILED [ 45%]
tests/test_live_trading/test_exchange_kraken.py::TestKrakenConnector::test_cancel_order FAILED [ 45%]
tests/test_live_trading/test_exchange_kraken.py::TestKrakenConnector::test_get_order_status FAILED [ 45%]
tests/test_live_trading/test_exchange_kraken.py::TestKrakenConnector::test_get_ticker FAILED [ 45%]
tests/test_live_trading/test_exchange_kraken.py::TestKrakenConnector::test_fetch_ohlcv FAILED [ 45%]
tests/test_live_trading/test_exchange_kraken.py::TestKrakenConnector::test_to_ccxt_symbol FAILED [ 45%]
tests/test_live_trading/test_kill_switch_integration.py::test_kill_switch_triggers_on_excessive_drawdown PASSED [ 46%]
tests/test_live_trading/test_kill_switch_integration.py::test_kill_switch_does_not_trigger_below_threshold PASSED [ 46%]
tests/test_live_trading/test_routes_live.py::TestLiveStatus::test_status_returns_ok PASSED [ 46%]
tests/test_live_trading/test_routes_live.py::TestLiveMode::test_set_mode_valid_human_approval PASSED [ 46%]
tests/test_live_trading/test_routes_live.py::TestLiveMode::test_set_mode_valid_semi_with_promotion PASSED [ 46%]
tests/test_live_trading/test_routes_live.py::TestLiveMode::test_set_mode_invalid PASSED [ 46%]
tests/test_live_trading/test_routes_live.py::TestLiveMode::test_set_mode_blocked_when_kill_switch_active PASSED [ 46%]
tests/test_live_trading/test_routes_live.py::TestLiveMode::test_set_mode_auto_blocked_when_promotion_not_passed PASSED [ 46%]
tests/test_live_trading/test_routes_live.py::TestLiveStartStop::test_start_engine PASSED [ 47%]
tests/test_live_trading/test_routes_live.py::TestLiveStartStop::test_start_when_already_running PASSED [ 47%]
tests/test_live_trading/test_routes_live.py::TestLiveStartStop::test_stop_engine PASSED [ 47%]
tests/test_live_trading/test_routes_live.py::TestLiveStartStop::test_stop_when_already_stopped PASSED [ 47%]
tests/test_live_trading/test_routes_live.py::TestKillSwitchEndpoints::test_activate_kill_switch PASSED [ 47%]
tests/test_live_trading/test_routes_live.py::TestKillSwitchEndpoints::test_arm_kill_switch PASSED [ 47%]
tests/test_live_trading/test_routes_live.py::TestLiveDataEndpoints::test_positions PASSED [ 47%]
tests/test_live_trading/test_routes_live.py::TestLiveDataEndpoints::test_orders PASSED [ 47%]
tests/test_live_trading/test_routes_live.py::TestLiveDataEndpoints::test_audit PASSED [ 48%]
tests/test_live_trading/test_routes_live.py::TestLiveDataEndpoints::test_audit_with_limit PASSED [ 48%]
tests/test_live_trading/test_routes_live.py::TestLiveDataEndpoints::test_paper_record PASSED [ 48%]
tests/test_live_trading/test_safety.py::TestKillSwitch::test_default_not_active PASSED [ 48%]
tests/test_live_trading/test_safety.py::TestKillSwitch::test_manual_activate PASSED [ 48%]
tests/test_live_trading/test_safety.py::TestKillSwitch::test_arm_resets_state PASSED [ 48%]
tests/test_live_trading/test_safety.py::TestKillSwitch::test_auto_trigger_breaches_threshold PASSED [ 48%]
tests/test_live_trading/test_safety.py::TestKillSwitch::test_auto_trigger_below_threshold PASSED [ 49%]
tests/test_live_trading/test_safety.py::TestKillSwitch::test_auto_trigger_at_exact_threshold PASSED [ 49%]
tests/test_live_trading/test_safety.py::TestKillSwitch::test_default_max_drawdown PASSED [ 49%]
tests/test_live_trading/test_safety.py::TestKillSwitch::test_custom_max_drawdown PASSED [ 49%]
tests/test_live_trading/test_safety.py::TestKillSwitch::test_check_passes_when_not_active PASSED [ 49%]
tests/test_live_trading/test_safety.py::TestKillSwitch::test_check_fails_when_active PASSED [ 49%]
tests/test_live_trading/test_safety.py::TestKillSwitch::test_auto_trigger_already_active PASSED [ 49%]
tests/test_live_trading/test_safety.py::TestModeManager::test_default_mode_is_human_approval PASSED [ 49%]
tests/test_live_trading/test_safety.py::TestModeManager::test_requires_approval_in_human_mode PASSED [ 50%]
tests/test_live_trading/test_safety.py::TestModeManager::test_does_not_require_approval_in_auto_mode PASSED [ 50%]
tests/test_live_trading/test_safety.py::TestModeManager::test_does_not_require_approval_in_semi_mode PASSED [ 50%]
tests/test_live_trading/test_safety.py::TestModeManager::test_set_mode PASSED [ 50%]
tests/test_live_trading/test_safety.py::TestModeManager::test_check_blocks_in_human_approval_mode PASSED [ 50%]
tests/test_live_trading/test_safety.py::TestModeManager::test_check_passes_in_auto_mode PASSED [ 50%]
tests/test_live_trading/test_safety.py::TestModeManager::test_check_passes_in_semi_mode PASSED [ 50%]
tests/test_live_trading/test_safety.py::TestPromotionGate::test_default_min_trades PASSED [ 50%]
tests/test_live_trading/test_safety.py::TestPromotionGate::test_default_min_days PASSED [ 51%]
tests/test_live_trading/test_safety.py::TestPromotionGate::test_passed_both_thresholds_met PASSED [ 51%]
tests/test_live_trading/test_safety.py::TestPromotionGate::test_fails_trades_below_minimum PASSED [ 51%]
tests/test_live_trading/test_safety.py::TestPromotionGate::test_fails_days_below_minimum PASSED [ 51%]
tests/test_live_trading/test_safety.py::TestPromotionGate::test_fails_both_below_minimum PASSED [ 51%]
tests/test_live_trading/test_safety.py::TestPromotionGate::test_passed_exactly_at_minimum PASSED [ 51%]
tests/test_live_trading/test_safety.py::TestPromotionGate::test_check_returns_safety_result_passed PASSED [ 51%]
tests/test_live_trading/test_safety.py::TestPromotionGate::test_check_returns_safety_result_failed PASSED [ 52%]
tests/test_live_trading/test_safety.py::TestPromotionGate::test_progress_returns_dict PASSED [ 52%]
tests/test_market_analyst.py::TestBuildAnalysisPrompt::test_returns_message_list PASSED [ 52%]
tests/test_market_analyst.py::TestBuildAnalysisPrompt::test_system_prompt_contains_critical_instructions PASSED [ 52%]
tests/test_market_analyst.py::TestBuildAnalysisPrompt::test_user_prompt_contains_symbol PASSED [ 52%]
tests/test_market_analyst.py::TestBuildAnalysisPrompt::test_user_prompt_contains_indicators PASSED [ 52%]
tests/test_market_analyst.py::TestBuildAnalysisPrompt::test_handles_empty_indicators PASSED [ 52%]
tests/test_market_analyst.py::TestBuildAnalysisPrompt::test_handles_empty_candles PASSED [ 52%]
tests/test_market_analyst.py::TestRuleBasedAnalysis::test_oversold_rsi_gives_long PASSED [ 53%]
tests/test_market_analyst.py::TestRuleBasedAnalysis::test_overbought_rsi_gives_short PASSED [ 53%]
tests/test_market_analyst.py::TestRuleBasedAnalysis::test_bullish_trend PASSED [ 53%]
tests/test_market_analyst.py::TestRuleBasedAnalysis::test_bearish_trend PASSED [ 53%]
tests/test_market_analyst.py::TestRuleBasedAnalysis::test_neutral_market_gives_flat PASSED [ 53%]
tests/test_market_analyst.py::TestRuleBasedAnalysis::test_minimal_indicators_still_works PASSED [ 53%]
tests/test_market_analyst.py::TestRuleBasedAnalysis::test_returns_required_fields PASSED [ 53%]
tests/test_market_analyst.py::TestRuleBasedAnalysis::test_volume_confirms_trend PASSED [ 53%]
tests/test_market_analyst.py::TestParseLLMResponse::test_parses_valid_json PASSED [ 54%]
tests/test_market_analyst.py::TestParseLLMResponse::test_handles_markdown_fenced_json PASSED [ 54%]
tests/test_market_analyst.py::TestParseLLMResponse::test_handles_markdown_without_lang PASSED [ 54%]
tests/test_market_analyst.py::TestParseLLMResponse::test_fallback_on_invalid_json PASSED [ 54%]
tests/test_market_analyst.py::TestParseLLMResponse::test_fallback_on_missing_required_fields PASSED [ 54%]
tests/test_market_analyst.py::TestParseLLMResponse::test_fallback_on_invalid_direction PASSED [ 54%]
tests/test_market_analyst.py::TestParseLLMResponse::test_clamps_confidence_bounds PASSED [ 54%]
tests/test_market_analyst.py::TestParseLLMResponse::test_empty_response_uses_fallback PASSED [ 55%]
tests/test_market_analyst.py::TestParseLLMResponse::test_none_response_uses_fallback PASSED [ 55%]
tests/test_market_analyst.py::TestMarketAnalystAgentProcess::test_returns_valid_structure PASSED [ 55%]
tests/test_market_analyst.py::TestMarketAnalystAgentProcess::test_with_empty_candles PASSED [ 55%]
tests/test_market_analyst.py::TestMarketAnalystAgentProcess::test_llm_success_returns_parsed_output PASSED [ 55%]
tests/test_market_analyst.py::TestMarketAnalystAgentProcess::test_llm_failure_falls_back_to_rule_based PASSED [ 55%]
tests/test_market_analyst.py::TestMarketAnalystAgentProcess::test_with_insufficient_candles PASSED [ 55%]
tests/test_market_analyst.py::TestMarketAnalystAgentProcess::test_model_config_passed_to_router PASSED [ 55%]
tests/test_market_analyst.py::TestMarketAnalystInput::test_valid_input PASSED [ 56%]
tests/test_market_analyst.py::TestMarketAnalystInput::test_with_candles PASSED [ 56%]
tests/test_market_analyst.py::TestMarketAnalystInput::test_custom_interval PASSED [ 56%]
tests/test_memory_agent.py::TestMemoryAgent::test_output_structure PASSED [ 56%]
tests/test_memory_agent.py::TestMemoryAgent::test_consolidated_flag PASSED [ 56%]
tests/test_memory_agent.py::TestMemoryAgent::test_memories_from_executed_trade PASSED [ 56%]
tests/test_memory_agent.py::TestMemoryAgent::test_memories_from_rejected_trade PASSED [ 56%]
tests/test_memory_agent.py::TestMemoryAgent::test_memories_include_risk_rejection PASSED [ 56%]
tests/test_memory_agent.py::TestMemoryAgent::test_empty_input_graceful PASSED [ 57%]
tests/test_models.py::TestAgentModelConfig::test_from_dict_basic PASSED  [ 57%]
tests/test_models.py::TestAgentModelConfig::test_model_chain PASSED      [ 57%]
tests/test_models.py::TestAgentModelConfig::test_no_fallbacks PASSED     [ 57%]
tests/test_models.py::TestAgentModelConfig::test_has_fallbacks PASSED    [ 57%]
tests/test_models.py::TestAgentModelConfig::test_default_values PASSED   [ 57%]
tests/test_models.py::TestAgentModelConfig::test_to_dict PASSED          [ 57%]
tests/test_models.py::TestModelRoster::test_get_existing PASSED          [ 58%]
tests/test_models.py::TestModelRoster::test_get_unknown_raises PASSED    [ 58%]
tests/test_models.py::TestModelRoster::test_agent_names PASSED           [ 58%]
tests/test_models.py::TestModelRoster::test_from_config_classmethod PASSED [ 58%]
tests/test_models.py::TestModelRoster::test_to_dict PASSED               [ 58%]
tests/test_models.py::TestLoadModelRoster::test_load_from_path PASSED    [ 58%]
tests/test_models.py::TestLoadModelRoster::test_file_not_found PASSED    [ 58%]
tests/test_models.py::TestLoadModelRoster::test_missing_agents_key PASSED [ 58%]
tests/test_monitoring/test_health_enriched.py::test_health_endpoint_returns_ok_structure PASSED [ 59%]
tests/test_monitoring/test_health_enriched.py::test_root_endpoint PASSED [ 59%]
tests/test_monitoring/test_health_enriched.py::test_health_database_unreachable PASSED [ 59%]
tests/test_monitoring/test_health_enriched.py::test_health_redis_unreachable PASSED [ 59%]
tests/test_monitoring/test_health_enriched.py::test_health_chromadb_unreachable PASSED [ 59%]
tests/test_monitoring/test_health_enriched.py::test_health_all_down PASSED [ 59%]
tests/test_monitoring/test_metrics_middleware.py::test_metrics_middleware_records_request_count PASSED [ 59%]
tests/test_monitoring/test_metrics_middleware.py::test_metrics_middleware_records_duration PASSED [ 60%]
tests/test_monitoring/test_metrics_middleware.py::test_metrics_middleware_records_error_status PASSED [ 60%]
tests/test_monitoring/test_metrics_middleware.py::test_make_metrics_app_returns_asgi_app PASSED [ 60%]
tests/test_monitoring/test_metrics_middleware.py::test_record_agent_run PASSED [ 60%]
tests/test_monitoring/test_metrics_middleware.py::test_record_agent_fallback PASSED [ 60%]
tests/test_monitoring/test_metrics_middleware.py::test_set_kill_switch_active PASSED [ 60%]
tests/test_monitoring/test_metrics_middleware.py::test_record_live_order PASSED [ 60%]
tests/test_paper_trading.py::TestInitialState::test_default_initial_capital PASSED [ 60%]
tests/test_paper_trading.py::TestInitialState::test_custom_initial_capital PASSED [ 61%]
tests/test_paper_trading.py::TestInitialState::test_min_capital_floor PASSED [ 61%]
tests/test_paper_trading.py::TestInitialState::test_negative_initial_capital PASSED [ 61%]
tests/test_paper_trading.py::TestOpenPositions::test_open_long PASSED    [ 61%]
tests/test_paper_trading.py::TestOpenPositions::test_open_short PASSED   [ 61%]
tests/test_paper_trading.py::TestOpenPositions::test_quantity_scaled_to_cash PASSED [ 61%]
tests/test_paper_trading.py::TestOpenPositions::test_zero_quantity_rejected PASSED [ 61%]
tests/test_paper_trading.py::TestOpenPositions::test_negative_quantity_rejected PASSED [ 61%]
tests/test_paper_trading.py::TestClosePositions::test_close_long_with_profit PASSED [ 62%]
tests/test_paper_trading.py::TestClosePositions::test_close_long_with_loss PASSED [ 62%]
tests/test_paper_trading.py::TestClosePositions::test_close_short_with_profit PASSED [ 62%]
tests/test_paper_trading.py::TestClosePositions::test_close_short_with_loss PASSED [ 62%]
tests/test_paper_trading.py::TestClosePositions::test_close_nonexistent_position PASSED [ 62%]
tests/test_paper_trading.py::TestClosePositions::test_close_with_exit_reason PASSED [ 62%]
tests/test_paper_trading.py::TestStopLossTakeProfit::test_stop_loss_hit_long PASSED [ 62%]
tests/test_paper_trading.py::TestStopLossTakeProfit::test_take_profit_hit_long PASSED [ 63%]
tests/test_paper_trading.py::TestStopLossTakeProfit::test_stop_loss_hit_short PASSED [ 63%]
tests/test_paper_trading.py::TestStopLossTakeProfit::test_take_profit_hit_short PASSED [ 63%]
tests/test_paper_trading.py::TestStopLossTakeProfit::test_sl_tp_not_hit PASSED [ 63%]
tests/test_paper_trading.py::TestStopLossTakeProfit::test_sl_and_tp_both_reached_long_tp_checked_first PASSED [ 63%]
tests/test_paper_trading.py::TestStopLossTakeProfit::test_sl_and_tp_both_reached_short_tp_checked_first PASSED [ 63%]
tests/test_paper_trading.py::TestReversals::test_opposite_signal_reverses PASSED [ 63%]
tests/test_paper_trading.py::TestReversals::test_same_direction_ignored PASSED [ 63%]
tests/test_paper_trading.py::TestPortfolioSummary::test_summary_after_profitable_trades PASSED [ 64%]
tests/test_paper_trading.py::TestPortfolioSummary::test_summary_with_mixed_results PASSED [ 64%]
tests/test_paper_trading.py::TestPortfolioSummary::test_summary_total_return_pct PASSED [ 64%]
tests/test_paper_trading.py::TestPortfolioSummary::test_summary_drawdown PASSED [ 64%]
tests/test_paper_trading.py::TestReset::test_reset_clears_state PASSED   [ 64%]
tests/test_paper_trading.py::TestMultiSymbol::test_positions_in_different_symbols PASSED [ 64%]
tests/test_quant.py::TestBuildQuantPrompt::test_returns_message_list PASSED [ 64%]
tests/test_quant.py::TestBuildQuantPrompt::test_system_prompt_contains_strategies PASSED [ 64%]
tests/test_quant.py::TestBuildQuantPrompt::test_system_prompt_contains_quant_fields PASSED [ 65%]
tests/test_quant.py::TestBuildQuantPrompt::test_user_prompt_contains_symbol PASSED [ 65%]
tests/test_quant.py::TestBuildQuantPrompt::test_user_prompt_contains_indicators PASSED [ 65%]
tests/test_quant.py::TestBuildQuantPrompt::test_includes_strategy_hint PASSED [ 65%]
tests/test_quant.py::TestBuildQuantPrompt::test_includes_market_analyst_context PASSED [ 65%]
tests/test_quant.py::TestBuildQuantPrompt::test_handles_empty_candles PASSED [ 65%]
tests/test_quant.py::TestHelpers::test_atr_ratio_with_valid_data PASSED  [ 65%]
tests/test_quant.py::TestHelpers::test_atr_ratio_with_zero_price PASSED  [ 66%]
tests/test_quant.py::TestHelpers::test_atr_ratio_missing_atr PASSED      [ 66%]
tests/test_quant.py::TestHelpers::test_volume_ratio_with_valid_data PASSED [ 66%]
tests/test_quant.py::TestHelpers::test_volume_ratio_zero_average PASSED  [ 66%]
tests/test_quant.py::TestHelpers::test_volume_ratio_missing_data PASSED  [ 66%]
tests/test_quant.py::TestStrategyDetectors::test_detect_momentum_bullish PASSED [ 66%]
tests/test_quant.py::TestStrategyDetectors::test_detect_momentum_bearish PASSED [ 66%]
tests/test_quant.py::TestStrategyDetectors::test_detect_momentum_no_crossover PASSED [ 66%]
tests/test_quant.py::TestStrategyDetectors::test_detect_momentum_extreme_rsi PASSED [ 67%]
tests/test_quant.py::TestStrategyDetectors::test_detect_momentum_missing_data PASSED [ 67%]
tests/test_quant.py::TestStrategyDetectors::test_detect_mean_reversion_oversold PASSED [ 67%]
tests/test_quant.py::TestStrategyDetectors::test_detect_mean_reversion_overbought PASSED [ 67%]
tests/test_quant.py::TestStrategyDetectors::test_detect_mean_reversion_neutral PASSED [ 67%]
tests/test_quant.py::TestStrategyDetectors::test_detect_mean_reversion_missing_data PASSED [ 67%]
tests/test_quant.py::TestStrategyDetectors::test_detect_trend_following_bullish PASSED [ 67%]
tests/test_quant.py::TestStrategyDetectors::test_detect_trend_following_bearish PASSED [ 67%]
tests/test_quant.py::TestStrategyDetectors::test_detect_trend_following_neutral_trend PASSED [ 68%]
tests/test_quant.py::TestStrategyDetectors::test_detect_trend_following_no_histogram PASSED [ 68%]
tests/test_quant.py::TestStrategyDetectors::test_detect_breakout_high_volume_upper PASSED [ 68%]
tests/test_quant.py::TestStrategyDetectors::test_detect_breakout_high_volume_lower PASSED [ 68%]
tests/test_quant.py::TestStrategyDetectors::test_detect_breakout_low_volume PASSED [ 68%]
tests/test_quant.py::TestStrategyDetectors::test_detect_breakout_no_bb PASSED [ 68%]
tests/test_quant.py::TestSignalBuilders::test_momentum_signal_has_required_fields PASSED [ 68%]
tests/test_quant.py::TestSignalBuilders::test_mean_reversion_signal_oversold PASSED [ 69%]
tests/test_quant.py::TestSignalBuilders::test_mean_reversion_signal_overbought PASSED [ 69%]
tests/test_quant.py::TestSignalBuilders::test_trend_following_signal_bullish PASSED [ 69%]
tests/test_quant.py::TestSignalBuilders::test_trend_following_signal_bearish PASSED [ 69%]
tests/test_quant.py::TestSignalBuilders::test_breakout_signal_upper PASSED [ 69%]
tests/test_quant.py::TestSignalBuilders::test_breakout_signal_lower PASSED [ 69%]
tests/test_quant.py::TestSignalBuilders::test_neutral_signal PASSED      [ 69%]
tests/test_quant.py::TestRuleBasedQuant::test_momentum_is_detected_when_bullish PASSED [ 69%]
tests/test_quant.py::TestRuleBasedQuant::test_mean_reversion_on_oversold PASSED [ 70%]
tests/test_quant.py::TestRuleBasedQuant::test_mean_reversion_on_overbought PASSED [ 70%]
tests/test_quant.py::TestRuleBasedQuant::test_trend_following_with_confirmation PASSED [ 70%]
tests/test_quant.py::TestRuleBasedQuant::test_breakout_with_high_volume PASSED [ 70%]
tests/test_quant.py::TestRuleBasedQuant::test_strategy_hint_preferred PASSED [ 70%]
tests/test_quant.py::TestRuleBasedQuant::test_strategy_hint_no_match_falls_to_best PASSED [ 70%]
tests/test_quant.py::TestRuleBasedQuant::test_neutral_fallback_with_minimal_data PASSED [ 70%]
tests/test_quant.py::TestRuleBasedQuant::test_returns_quant_fields PASSED [ 70%]
tests/test_quant.py::TestParseQuantResponse::test_parses_valid_json PASSED [ 71%]
tests/test_quant.py::TestParseQuantResponse::test_handles_markdown_fenced_json PASSED [ 71%]
tests/test_quant.py::TestParseQuantResponse::test_fallback_on_invalid_json PASSED [ 71%]
tests/test_quant.py::TestParseQuantResponse::test_fallback_on_missing_required_fields PASSED [ 71%]
tests/test_quant.py::TestParseQuantResponse::test_fallback_on_invalid_direction PASSED [ 71%]
tests/test_quant.py::TestParseQuantResponse::test_clamps_confidence PASSED [ 71%]
tests/test_quant.py::TestParseQuantResponse::test_validates_strategy_name PASSED [ 71%]
tests/test_quant.py::TestParseQuantResponse::test_validates_expected_return PASSED [ 72%]
tests/test_quant.py::TestParseQuantResponse::test_empty_response_uses_fallback PASSED [ 72%]
tests/test_quant.py::TestParseQuantResponse::test_none_response_uses_fallback PASSED [ 72%]
tests/test_quant.py::TestParseQuantResponse::test_merges_params PASSED   [ 72%]
tests/test_quant.py::TestQuantAgentProcess::test_returns_valid_structure PASSED [ 72%]
tests/test_quant.py::TestQuantAgentProcess::test_with_empty_candles PASSED [ 72%]
tests/test_quant.py::TestQuantAgentProcess::test_llm_success_returns_parsed_output PASSED [ 72%]
tests/test_quant.py::TestQuantAgentProcess::test_llm_failure_falls_back_to_rule_based PASSED [ 72%]
tests/test_quant.py::TestQuantAgentProcess::test_with_insufficient_candles PASSED [ 73%]
tests/test_quant.py::TestQuantAgentProcess::test_strategy_hint_fallthrough PASSED [ 73%]
tests/test_quant.py::TestQuantInput::test_valid_input PASSED             [ 73%]
tests/test_quant.py::TestQuantInput::test_with_candles PASSED            [ 73%]
tests/test_quant.py::TestQuantInput::test_with_strategy_hint PASSED      [ 73%]
tests/test_quant.py::TestQuantInput::test_with_market_analyst_result PASSED [ 73%]
tests/test_queue.py::TestModelRequestQueue::test_acquire_under_limit PASSED [ 73%]
tests/test_queue.py::TestModelRequestQueue::test_acquire_multiple_under_limit PASSED [ 73%]
tests/test_queue.py::TestModelRequestQueue::test_blocks_when_at_limit PASSED [ 74%]
tests/test_queue.py::TestModelRequestQueue::test_raises_when_queue_full PASSED [ 74%]
tests/test_queue.py::TestModelRequestQueue::test_sliding_window_expires_old_entries PASSED [ 74%]
tests/test_queue.py::TestModelRequestQueue::test_release_is_noop PASSED  [ 74%]
tests/test_queue.py::TestModelRequestQueue::test_stats PASSED            [ 74%]
tests/test_queue.py::TestModelRequestQueue::test_high_rpm_capacity PASSED [ 74%]
tests/test_queue.py::TestQueueRegistry::test_get_creates_new PASSED      [ 74%]
tests/test_queue.py::TestQueueRegistry::test_get_returns_same PASSED     [ 75%]
tests/test_queue.py::TestQueueRegistry::test_register_with_custom_rpm PASSED [ 75%]
tests/test_queue.py::TestQueueRegistry::test_get_with_custom_rpm_for_new PASSED [ 75%]
tests/test_queue.py::TestQueueRegistry::test_get_ignores_rpm_for_existing PASSED [ 75%]
tests/test_queue.py::TestQueueRegistry::test_all_stats PASSED            [ 75%]
tests/test_reflection_agent.py::TestReflectionAgent::test_output_structure PASSED [ 75%]
tests/test_reflection_agent.py::TestReflectionAgent::test_executed_trade_evaluation PASSED [ 75%]
tests/test_reflection_agent.py::TestReflectionAgent::test_rejected_trade_evaluation PASSED [ 75%]
tests/test_reflection_agent.py::TestReflectionAgent::test_high_confidence_executed PASSED [ 76%]
tests/test_reflection_agent.py::TestReflectionAgent::test_low_confidence_not_executed PASSED [ 76%]
tests/test_reflection_agent.py::TestReflectionAgent::test_no_input_graceful PASSED [ 76%]
tests/test_reflection_agent.py::TestReflectionAgent::test_consensus_approved_risk_rejected_high_confidence PASSED [ 76%]
tests/test_reflection_agent.py::TestReflectionAgent::test_consensus_rejected_direction_mismatch_high_confidence PASSED [ 76%]
tests/test_reflection_agent.py::TestReflectionAgent::test_consensus_approved_executed_high_confidence PASSED [ 76%]
tests/test_reflection_agent.py::TestReflectionAgent::test_consensus_rejected_not_executed_low_confidence PASSED [ 76%]
tests/test_reflection_agent.py::TestReflectionAgent::test_consensus_approved_executed_low_confidence PASSED [ 76%]
tests/test_registry.py::TestAgentRegistry::test_register_agent PASSED    [ 77%]
tests/test_registry.py::TestAgentRegistry::test_register_unknown_agent_raises PASSED [ 77%]
tests/test_registry.py::TestAgentRegistry::test_get_unregistered_raises PASSED [ 77%]
tests/test_registry.py::TestAgentRegistry::test_has_agent PASSED         [ 77%]
tests/test_registry.py::TestAgentRegistry::test_agent_names PASSED       [ 77%]
tests/test_registry.py::TestAgentRegistry::test_get_model_chain PASSED   [ 77%]
tests/test_registry.py::TestAgentRegistry::test_get_model_chain_with_fallbacks PASSED [ 77%]
tests/test_registry.py::TestAgentRegistry::test_list_agents PASSED       [ 78%]
tests/test_registry.py::TestAgentRegistry::test_stats PASSED             [ 78%]
tests/test_repository.py::TestMarketDataRepository::test_repo_initialized PASSED [ 78%]
tests/test_repository.py::TestMarketDataRepository::test_insert_requires_session_factory PASSED [ 78%]
tests/test_repository.py::TestMarketDataRepository::test_insert_with_session PASSED [ 78%]
tests/test_repository.py::TestMarketDataRepository::test_insert_validates_intervals PASSED [ 78%]
tests/test_repository.py::TestMarketDataRepository::test_insert_validates_sources PASSED [ 78%]
tests/test_repository.py::TestMarketDataRepository::test_query_with_session PASSED [ 78%]
tests/test_repository.py::TestMarketDataRepository::test_summary_no_session PASSED [ 79%]
tests/test_repository.py::TestMarketDataRepository::test_check_exists_no_session PASSED [ 79%]
tests/test_retry.py::TestRetryConfig::test_default_values PASSED         [ 79%]
tests/test_retry.py::TestRetryConfig::test_delay_exponential PASSED      [ 79%]
tests/test_retry.py::TestRetryConfig::test_delay_capped_at_max PASSED    [ 79%]
tests/test_retry.py::TestRetryConfig::test_delay_with_jitter PASSED      [ 79%]
tests/test_retry.py::TestRetryConfig::test_delay_jitter_scales_with_exponential PASSED [ 79%]
tests/test_retry.py::TestRetryConfig::test_copy_is_independent PASSED    [ 80%]
tests/test_retry.py::TestRetryableErrorDetection::test_connection_error PASSED [ 80%]
tests/test_retry.py::TestRetryableErrorDetection::test_timeout_error PASSED [ 80%]
tests/test_retry.py::TestRetryableErrorDetection::test_asyncio_timeout PASSED [ 80%]
tests/test_retry.py::TestRetryableErrorDetection::test_retryable_http_status FAILED [ 80%]
tests/test_retry.py::TestRetryableErrorDetection::test_non_retryable_http_status PASSED [ 80%]
tests/test_retry.py::TestRetryableErrorDetection::test_value_error_not_retryable PASSED [ 80%]
tests/test_retry.py::TestRetryableErrorDetection::test_key_error_not_retryable PASSED [ 80%]
tests/test_retry.py::TestWithRetry::test_success_on_first_attempt PASSED [ 81%]
tests/test_retry.py::TestWithRetry::test_retry_then_succeed PASSED       [ 81%]
tests/test_retry.py::TestWithRetry::test_exhaust_retries PASSED          [ 81%]
tests/test_retry.py::TestWithRetry::test_non_retryable_error_immediate_fail PASSED [ 81%]
tests/test_retry.py::TestWithRetry::test_circuit_breaker_open_fast_fail PASSED [ 81%]
tests/test_retry.py::TestWithRetry::test_breaker_success_resets_counter PASSED [ 81%]
tests/test_retry.py::TestWithRetry::test_breaker_failure_records PASSED  [ 81%]
tests/test_retry.py::TestWithRetry::test_retry_result_defaults PASSED    [ 81%]
tests/test_risk.py::TestBuildRiskPrompt::test_returns_message_list PASSED [ 82%]
tests/test_risk.py::TestBuildRiskPrompt::test_system_prompt_contains_risk_criteria PASSED [ 82%]
tests/test_risk.py::TestBuildRiskPrompt::test_user_prompt_contains_symbol_and_portfolio PASSED [ 82%]
tests/test_risk.py::TestBuildRiskPrompt::test_includes_upstream_signals PASSED [ 82%]
tests/test_risk.py::TestBuildRiskPrompt::test_handles_empty_indicators PASSED [ 82%]
tests/test_risk.py::TestRuleBasedRisk::test_returns_risk_structure PASSED [ 82%]
tests/test_risk.py::TestRuleBasedRisk::test_approved_with_good_signal PASSED [ 82%]
tests/test_risk.py::TestRuleBasedRisk::test_rejected_without_consensus PASSED [ 83%]
tests/test_risk.py::TestRuleBasedRisk::test_rejected_when_consensus_not_approved PASSED [ 83%]
tests/test_risk.py::TestRuleBasedRisk::test_with_empty_candles PASSED    [ 83%]
tests/test_risk.py::TestRuleBasedRisk::test_negative_portfolio_value_clamped PASSED [ 83%]
tests/test_risk.py::TestRuleBasedRisk::test_position_size_calculation PASSED [ 83%]
tests/test_risk.py::TestComputeRiskScore::test_base_score PASSED         [ 83%]
tests/test_risk.py::TestComputeRiskScore::test_high_volatility_adds_score PASSED [ 83%]
tests/test_risk.py::TestComputeRiskScore::test_extreme_rsi_adds_score PASSED [ 83%]
tests/test_risk.py::TestComputeRiskScore::test_borderline_rsi_adds_less PASSED [ 84%]
tests/test_risk.py::TestComputeRiskScore::test_neutral_trend_adds_score PASSED [ 84%]
tests/test_risk.py::TestComputeRiskScore::test_small_portfolio_adds_score PASSED [ 84%]
tests/test_risk.py::TestComputeRiskScore::test_score_capped_at_100 PASSED [ 84%]
tests/test_risk.py::TestComputeRiskScore::test_multiple_factors_accumulate PASSED [ 84%]
tests/test_risk.py::TestParseRiskResponse::test_parses_valid_json PASSED [ 84%]
tests/test_risk.py::TestParseRiskResponse::test_handles_markdown_fenced_json PASSED [ 84%]
tests/test_risk.py::TestParseRiskResponse::test_fallback_on_invalid_json PASSED [ 84%]
tests/test_risk.py::TestParseRiskResponse::test_fallback_on_missing_required PASSED [ 85%]
tests/test_risk.py::TestParseRiskResponse::test_clamps_risk_score_above_100 PASSED [ 85%]
tests/test_risk.py::TestParseRiskResponse::test_clamps_risk_score_below_0 PASSED [ 85%]
tests/test_risk.py::TestParseRiskResponse::test_empty_response_uses_fallback PASSED [ 85%]
tests/test_risk.py::TestParseRiskResponse::test_none_response_uses_fallback PASSED [ 85%]
tests/test_risk.py::TestRiskAgentProcess::test_returns_valid_structure PASSED [ 85%]
tests/test_risk.py::TestRiskAgentProcess::test_with_empty_candles PASSED [ 85%]
tests/test_risk.py::TestRiskAgentProcess::test_rejected_with_no_consensus PASSED [ 86%]
tests/test_risk.py::TestRiskAgentProcess::test_llm_success_parsed PASSED [ 86%]
tests/test_risk.py::TestRiskAgentProcess::test_llm_failure_fallthrough PASSED [ 86%]
tests/test_risk.py::TestRiskInput::test_valid_input PASSED               [ 86%]
tests/test_risk.py::TestRiskInput::test_with_candles PASSED              [ 86%]
tests/test_risk.py::TestRiskInput::test_with_upstream_outputs PASSED     [ 86%]
tests/test_risk.py::TestRiskInput::test_custom_portfolio_value PASSED    [ 86%]
tests/test_router.py::TestRouterResult::test_defaults PASSED             [ 86%]
tests/test_router.py::TestRouterResult::test_to_dict PASSED              [ 87%]
tests/test_router.py::TestModelRouter::test_empty_chain_degraded PASSED  [ 87%]
tests/test_router.py::TestModelRouter::test_single_model_success PASSED  [ 87%]
tests/test_router.py::TestModelRouter::test_all_fallbacks_exhausted PASSED [ 87%]
tests/test_router.py::TestModelRouter::test_circuit_breaker_skips_model PASSED [ 87%]
tests/test_router.py::TestModelRouter::test_success_with_custom_messages PASSED [ 87%]
tests/test_router.py::TestModelRouter::test_router_with_custom_rpm PASSED [ 87%]
tests/test_router.py::TestModelRouterWithRealClient::test_http_error_is_retryable PASSED [ 87%]
tests/test_router.py::TestModelRouterWithRealClient::test_close_cleanup PASSED [ 88%]
tests/test_router.py::TestModelRouterMocked::test_returns_success PASSED [ 88%]
tests/test_router.py::TestModelRouterMocked::test_fallback_on_failure PASSED [ 88%]
tests/test_schema.py::test_schema_file_exists PASSED                     [ 88%]
tests/test_schema.py::test_schema_not_empty PASSED                       [ 88%]
tests/test_schema.py::test_all_17_tables_present PASSED                  [ 88%]
tests/test_schema.py::test_required_columns PASSED                       [ 88%]
tests/test_schema.py::test_indexes_present PASSED                        [ 89%]
tests/test_schema.py::test_updated_at_triggers_present PASSED            [ 89%]
tests/test_schema.py::test_uuid_extension PASSED                         [ 89%]
tests/test_schema.py::test_risk_check_constraints PASSED                 [ 89%]
tests/test_schema.py::test_execution_protocol_constraints PASSED         [ 89%]
tests/test_schema.py::test_strategy_promotion_gate PASSED                [ 89%]
tests/test_schema.py::test_agent_logs_tracks_degradation PASSED          [ 89%]
tests/test_security/test_auth.py::TestVerifyAuth::test_debug_mode_no_auth PASSED [ 89%]
tests/test_security/test_auth.py::TestVerifyAuth::test_debug_mode_with_bearer_token PASSED [ 90%]
tests/test_security/test_auth.py::TestVerifyAuth::test_debug_mode_with_api_key PASSED [ 90%]
tests/test_security/test_auth.py::TestVerifyAuth::test_production_requires_auth PASSED [ 90%]
tests/test_security/test_auth.py::TestVerifyAuth::test_production_accepts_bearer_token PASSED [ 90%]
tests/test_security/test_auth.py::TestVerifyAuth::test_production_accepts_api_key PASSED [ 90%]
tests/test_security/test_auth.py::TestVerifyAuth::test_production_rejects_wrong_key PASSED [ 90%]
tests/test_security/test_auth.py::TestVerifyAuth::test_production_rejects_wrong_api_key PASSED [ 90%]
tests/test_security/test_auth.py::TestVerifyAuth::test_get_current_user_id PASSED [ 90%]
tests/test_security/test_headers.py::test_security_headers_present PASSED [ 91%]
tests/test_security/test_headers.py::test_content_security_policy_default PASSED [ 91%]
tests/test_security/test_headers.py::test_hsts_header PASSED             [ 91%]
tests/test_security/test_headers.py::test_x_content_type_options PASSED  [ 91%]
tests/test_security/test_headers.py::test_x_frame_options PASSED         [ 91%]
tests/test_security/test_headers.py::test_referrer_policy PASSED         [ 91%]
tests/test_security/test_headers.py::test_permissions_policy PASSED      [ 91%]
tests/test_security/test_rate_limit.py::test_rate_limit_allows_normal_requests PASSED [ 92%]
tests/test_security/test_rate_limit.py::test_rate_limit_allows_health_endpoint PASSED [ 92%]
tests/test_security/test_rate_limit.py::test_rate_limit_returns_429_when_exceeded PASSED [ 92%]
tests/test_security/test_rate_limit.py::test_rate_limit_get_gets_double_limit PASSED [ 92%]
tests/test_security/test_rate_limit.py::test_rate_limit_resets_after_period PASSED [ 92%]
tests/test_supervisor.py::TestSupervisorBuild::test_build_graph_succeeds PASSED [ 92%]
tests/test_supervisor.py::TestSupervisorBuild::test_build_graph_idempotent PASSED [ 92%]
tests/test_supervisor.py::TestSupervisorBuild::test_registry_needs_all_agents PASSED [ 92%]
tests/test_supervisor.py::TestSupervisorRun::test_run_returns_state PASSED [ 93%]
tests/test_supervisor.py::TestSupervisorRun::test_run_pipeline_status_tracking PASSED [ 93%]
tests/test_supervisor.py::TestSupervisorRun::test_run_with_no_api_key_degraded PASSED [ 93%]
tests/test_supervisor.py::TestSupervisorRun::test_run_analysis_convenience PASSED [ 93%]
tests/test_supervisor.py::TestSupervisorRun::test_run_sync PASSED        [ 93%]
tests/test_supervisor.py::TestSupervisorErrorHandling::test_handles_empty_symbol PASSED [ 93%]
tests/test_supervisor.py::TestSupervisorErrorHandling::test_handles_empty_request PASSED [ 93%]
tests/test_supervisor.py::TestSupervisorErrorHandling::test_full_pipeline_completes PASSED [ 93%]
tests/test_supervisor.py::TestSupervisorErrorHandling::test_errors_field_populated PASSED [ 94%]
tests/test_supervisor.py::TestSupervisorWithMockedRouter::test_mocked_pipeline_completes PASSED [ 94%]
tests/test_supervisor.py::TestSupervisorWithMockedRouter::test_mocked_pipeline_sets_outputs PASSED [ 94%]
tests/test_supervisor.py::TestSupervisorLogging::test_log_execution_no_error PASSED [ 94%]
tests/test_supervisor.py::TestSupervisorLogging::test_log_execution_with_outputs PASSED [ 94%]
tests/test_supervisor.py::TestSupervisorRouting::test_consensus_approved_routes_to_risk PASSED [ 94%]
tests/test_supervisor.py::TestSupervisorRouting::test_consensus_rejected_routes_to_journal PASSED [ 94%]
tests/test_supervisor.py::TestSupervisorRouting::test_consensus_none_routes_to_journal PASSED [ 95%]
tests/test_supervisor.py::TestSupervisorRouting::test_risk_approved_routes_to_execution PASSED [ 95%]
tests/test_supervisor.py::TestSupervisorRouting::test_risk_rejected_routes_to_journal PASSED [ 95%]
tests/test_vision.py::TestClusterLevels::test_empty_list PASSED          [ 95%]
tests/test_vision.py::TestClusterLevels::test_single_value PASSED        [ 95%]
tests/test_vision.py::TestClusterLevels::test_all_same_value PASSED      [ 95%]
tests/test_vision.py::TestClusterLevels::test_returns_sorted_ascending PASSED [ 95%]
tests/test_vision.py::TestClusterLevels::test_returns_sorted_descending PASSED [ 95%]
tests/test_vision.py::TestDetectLevels::test_support_empty_candles PASSED [ 96%]
tests/test_vision.py::TestDetectLevels::test_resistance_empty_candles PASSED [ 96%]
tests/test_vision.py::TestDetectLevels::test_support_returns_levels PASSED [ 96%]
tests/test_vision.py::TestDetectLevels::test_resistance_returns_levels PASSED [ 96%]
tests/test_vision.py::TestDetectLevels::test_support_below_resistance PASSED [ 96%]
tests/test_vision.py::TestDetectChartPattern::test_empty_candles_returns_flat PASSED [ 96%]
tests/test_vision.py::TestDetectChartPattern::test_insufficient_candles_returns_flat PASSED [ 96%]
tests/test_vision.py::TestDetectChartPattern::test_detects_uptrend PASSED [ 96%]
tests/test_vision.py::TestDetectChartPattern::test_detects_downtrend PASSED [ 97%]
tests/test_vision.py::TestDetectChartPattern::test_detects_consolidation PASSED [ 97%]
tests/test_vision.py::TestDetectChartPattern::test_candles_without_keys PASSED [ 97%]
tests/test_vision.py::TestScoreTrendConfidence::test_insufficient_data PASSED [ 97%]
tests/test_vision.py::TestScoreTrendConfidence::test_strong_trend PASSED [ 97%]
tests/test_vision.py::TestScoreTrendConfidence::test_moderate_trend PASSED [ 97%]
tests/test_vision.py::TestScoreTrendConfidence::test_weak_trend PASSED   [ 97%]
tests/test_vision.py::TestScoreTrendConfidence::test_no_trend PASSED     [ 98%]
tests/test_vision.py::TestBuildPatternRationale::test_no_levels PASSED   [ 98%]
tests/test_vision.py::TestBuildPatternRationale::test_with_support PASSED [ 98%]
tests/test_vision.py::TestBuildPatternRationale::test_with_resistance PASSED [ 98%]
tests/test_vision.py::TestBuildPatternRationale::test_with_both PASSED   [ 98%]
tests/test_vision.py::TestVisionAgent::test_run_with_empty_data PASSED   [ 98%]
tests/test_vision.py::TestVisionAgent::test_run_detects_uptrend PASSED   [ 98%]
tests/test_vision.py::TestVisionAgent::test_run_detects_downtrend PASSED [ 98%]
tests/test_vision.py::TestVisionAgent::test_run_detects_consolidation PASSED [ 99%]
tests/test_vision.py::TestVisionAgent::test_run_with_model_available_no_images PASSED [ 99%]
tests/test_vision.py::TestVisionAgent::test_run_returns_support_and_resistance PASSED [ 99%]
tests/test_vision.py::TestVisionAgent::test_run_includes_rationale PASSED [ 99%]
tests/test_vision.py::TestVisionAgent::test_analyze_with_model_default_returns_placeholder PASSED [ 99%]
tests/test_vision.py::TestConstants::test_lookback_levels PASSED         [ 99%]
tests/test_vision.py::TestConstants::test_support_resistance_bins PASSED [ 99%]
tests/test_vision.py::TestConstants::test_pattern_min_consecutive PASSED [100%]
ERROR: Coverage failure: total of 79 is less than fail-under=80


=================================== ERRORS ====================================
____________ ERROR at setup of TestBybitConnector.test_disconnect _____________

    @pytest.fixture
    def connector() -> BybitConnector:
        """BybitConnector with config (testnet=True, no real keys)."""
>       return BybitConnector({"api_key": "test-key", "secret": "test-secret", "testnet": True})
               ^^^^^^^^^^^^^^^^^^^^^^^^^^^^^^^^^^^^^^^^^^^^^^^^^^^^^^^^^^^^^^^^^^^^^^^^^^^^^^^^^
E       TypeError: Can't instantiate abstract class BybitConnector without an implementation for abstract method 'cancel_all_orders'

tests\test_live_trading\test_exchange_bybit.py:66: TypeError
_____ ERROR at setup of TestBybitConnector.test_get_balance_not_connected _____

    @pytest.fixture
    def connector() -> BybitConnector:
        """BybitConnector with config (testnet=True, no real keys)."""
>       return BybitConnector({"api_key": "test-key", "secret": "test-secret", "testnet": True})
               ^^^^^^^^^^^^^^^^^^^^^^^^^^^^^^^^^^^^^^^^^^^^^^^^^^^^^^^^^^^^^^^^^^^^^^^^^^^^^^^^^
E       TypeError: Can't instantiate abstract class BybitConnector without an implementation for abstract method 'cancel_all_orders'

tests\test_live_trading\test_exchange_bybit.py:66: TypeError
___________ ERROR at setup of TestCoinbaseConnector.test_disconnect ___________

    @pytest.fixture
    def connector() -> CoinbaseConnector:
        """CoinbaseConnector with config (no real keys)."""
>       return CoinbaseConnector({"api_key": "test-key", "secret": "test-secret"})
               ^^^^^^^^^^^^^^^^^^^^^^^^^^^^^^^^^^^^^^^^^^^^^^^^^^^^^^^^^^^^^^^^^^^
E       TypeError: Can't instantiate abstract class CoinbaseConnector without an implementation for abstract method 'cancel_all_orders'

tests\test_live_trading\test_exchange_coinbase.py:66: TypeError
___ ERROR at setup of TestCoinbaseConnector.test_get_balance_not_connected ____

    @pytest.fixture
    def connector() -> CoinbaseConnector:
        """CoinbaseConnector with config (no real keys)."""
>       return CoinbaseConnector({"api_key": "test-key", "secret": "test-secret"})
               ^^^^^^^^^^^^^^^^^^^^^^^^^^^^^^^^^^^^^^^^^^^^^^^^^^^^^^^^^^^^^^^^^^^
E       TypeError: Can't instantiate abstract class CoinbaseConnector without an implementation for abstract method 'cancel_all_orders'

tests\test_live_trading\test_exchange_coinbase.py:66: TypeError
____________ ERROR at setup of TestKrakenConnector.test_disconnect ____________

    @pytest.fixture
    def connector() -> KrakenConnector:
        """KrakenConnector with config (testnet=True, no real keys)."""
>       return KrakenConnector({"api_key": "test-key", "secret": "test-secret", "testnet": True})
               ^^^^^^^^^^^^^^^^^^^^^^^^^^^^^^^^^^^^^^^^^^^^^^^^^^^^^^^^^^^^^^^^^^^^^^^^^^^^^^^^^^
E       TypeError: Can't instantiate abstract class KrakenConnector without an implementation for abstract method 'cancel_all_orders'

tests\test_live_trading\test_exchange_kraken.py:66: TypeError
____ ERROR at setup of TestKrakenConnector.test_get_balance_not_connected _____

    @pytest.fixture
    def connector() -> KrakenConnector:
        """KrakenConnector with config (testnet=True, no real keys)."""
>       return KrakenConnector({"api_key": "test-key", "secret": "test-secret", "testnet": True})
               ^^^^^^^^^^^^^^^^^^^^^^^^^^^^^^^^^^^^^^^^^^^^^^^^^^^^^^^^^^^^^^^^^^^^^^^^^^^^^^^^^^
E       TypeError: Can't instantiate abstract class KrakenConnector without an implementation for abstract method 'cancel_all_orders'

tests\test_live_trading\test_exchange_kraken.py:66: TypeError
================================== FAILURES ===================================
______________________ test_vision_agent_fallback_count _______________________

    def test_vision_agent_fallback_count() -> None:
        """Vision agent fallback count should match expected."""
        data = yaml.safe_load(MODELS_YAML_PATH.read_text())
        vision = data["agents"].get("vision", {})
        fallbacks = vision.get("fallbacks", [])
        # At least one VL fallback should be configured; if the primary is down,
        # the system degrades gracefully (skips, not blocks).
>       assert len(fallbacks) >= 1, (
            "Vision agent should have at least one VL fallback configured. "
            f"Got: {fallbacks}"
        )
E       AssertionError: Vision agent should have at least one VL fallback configured. Got: []
E       assert 0 >= 1
E        +  where 0 = len([])

tests\test_config.py:67: AssertionError
__________________ TestExecutionAgent.test_output_structure ___________________

self = <tests.test_execution_agent.TestExecutionAgent object at 0x00000218A70B6210>

    async def test_output_structure(self) -> None:
        """Output dict should match ExecutionOutput schema fields."""
        engine = PaperTradingEngine()
        agent = ExecutionAgent(engine=engine)
    
        result = await agent.process(
            ExecutionInput(
                symbol="BTC-USD",
                candles=default_candles(),
                market_analyst_output=long_market_analyst(),
                risk_output=approved_risk_output(),
            )
        )
        # All ExecutionOutput fields should be present
>       assert "executed" in result
E       AssertionError: assert 'executed' in ExecutionOutput(executed=True, order_id='ab129a43-84b7-494d-a8db-4eeed5b99b0d', fill_price=50500.0, filled_quantity=None, rationale='PAPER EXECUTED long position for BTC-USD at $50500.00')

tests\test_execution_agent.py:115: AssertionError
______________ TestExecutionAgent.test_executed_true_on_approval ______________

self = <tests.test_execution_agent.TestExecutionAgent object at 0x00000218A70B60D0>

    async def test_executed_true_on_approval(self) -> None:
        """executed=True when risk approved and direction is not flat."""
        engine = PaperTradingEngine()
        agent = ExecutionAgent(engine=engine)
    
        result = await agent.process(
            ExecutionInput(
                symbol="BTC-USD",
                candles=default_candles(),
                market_analyst_output=long_market_analyst(),
                risk_output=approved_risk_output(),
            )
        )
>       assert result["executed"] is True
               ^^^^^^^^^^^^^^^^^^
E       TypeError: 'ExecutionOutput' object is not subscriptable

tests\test_execution_agent.py:134: TypeError
____________ TestExecutionAgent.test_executed_false_no_risk_output ____________

self = <tests.test_execution_agent.TestExecutionAgent object at 0x00000218A7198C30>

    async def test_executed_false_no_risk_output(self) -> None:
        """executed=False when no risk output provided."""
        engine = PaperTradingEngine()
        agent = ExecutionAgent(engine=engine)
    
        result = await agent.process(
            ExecutionInput(
                symbol="BTC-USD",
                candles=default_candles(),
                market_analyst_output=long_market_analyst(),
                risk_output=None,
            )
        )
>       assert result["executed"] is False
               ^^^^^^^^^^^^^^^^^^
E       TypeError: 'ExecutionOutput' object is not subscriptable

tests\test_execution_agent.py:153: TypeError
____________ TestExecutionAgent.test_executed_false_risk_rejected _____________

self = <tests.test_execution_agent.TestExecutionAgent object at 0x00000218A7198D60>

    async def test_executed_false_risk_rejected(self) -> None:
        """executed=False when risk rejected the trade."""
        engine = PaperTradingEngine()
        agent = ExecutionAgent(engine=engine)
    
        result = await agent.process(
            ExecutionInput(
                symbol="BTC-USD",
                candles=default_candles(),
                market_analyst_output=long_market_analyst(),
                risk_output=rejected_risk_output(),
            )
        )
>       assert result["executed"] is False
               ^^^^^^^^^^^^^^^^^^
E       TypeError: 'ExecutionOutput' object is not subscriptable

tests\test_execution_agent.py:169: TypeError
____________ TestExecutionAgent.test_executed_false_flat_direction ____________

self = <tests.test_execution_agent.TestExecutionAgent object at 0x00000218A5F139B0>

    async def test_executed_false_flat_direction(self) -> None:
        """executed=False when market analyst says flat."""
        engine = PaperTradingEngine()
        agent = ExecutionAgent(engine=engine)
    
        result = await agent.process(
            ExecutionInput(
                symbol="BTC-USD",
                candles=default_candles(),
                market_analyst_output={
                    "confidence": 30.0,
                    "direction": "flat",
                    "indicators": {},
                    "rationale": "No clear signal",
                },
                risk_output=approved_risk_output(),
            )
        )
>       assert result["executed"] is False
               ^^^^^^^^^^^^^^^^^^
E       TypeError: 'ExecutionOutput' object is not subscriptable

tests\test_execution_agent.py:190: TypeError
__________ TestExecutionAgent.test_executed_false_no_market_analyst ___________

self = <tests.test_execution_agent.TestExecutionAgent object at 0x00000218A607EE00>

    async def test_executed_false_no_market_analyst(self) -> None:
        """executed=False when no market analyst output."""
        engine = PaperTradingEngine()
        agent = ExecutionAgent(engine=engine)
    
        result = await agent.process(
            ExecutionInput(
                symbol="BTC-USD",
                candles=default_candles(),
                market_analyst_output=None,
                risk_output=approved_risk_output(),
            )
        )
>       assert result["executed"] is False
               ^^^^^^^^^^^^^^^^^^
E       TypeError: 'ExecutionOutput' object is not subscriptable

tests\test_execution_agent.py:206: TypeError
____________ TestExecutionAgent.test_fill_price_from_latest_candle ____________

self = <tests.test_execution_agent.TestExecutionAgent object at 0x00000218A607EF10>

    async def test_fill_price_from_latest_candle(self) -> None:
        """Fill price should be the close of the latest candle."""
        engine = PaperTradingEngine()
        agent = ExecutionAgent(engine=engine)
    
        result = await agent.process(
            ExecutionInput(
                symbol="BTC-USD",
                candles=default_candles(),
                market_analyst_output=long_market_analyst(),
                risk_output=approved_risk_output(),
            )
        )
>       assert result["fill_price"] == 50500.0
               ^^^^^^^^^^^^^^^^^^^^
E       TypeError: 'ExecutionOutput' object is not subscriptable

tests\test_execution_agent.py:221: TypeError
____________________ TestExecutionAgent.test_empty_candles ____________________

self = <tests.test_execution_agent.TestExecutionAgent object at 0x00000218A7195D50>

    async def test_empty_candles(self) -> None:
        """executed=False when no candles provided."""
        engine = PaperTradingEngine()
        agent = ExecutionAgent(engine=engine)
    
        result = await agent.process(
            ExecutionInput(
                symbol="BTC-USD",
                candles=[],
                market_analyst_output=long_market_analyst(),
                risk_output=approved_risk_output(),
            )
        )
>       assert result["executed"] is False
               ^^^^^^^^^^^^^^^^^^
E       TypeError: 'ExecutionOutput' object is not subscriptable

tests\test_execution_agent.py:236: TypeError
__________________ TestExecutionAgent.test_reversal_detected __________________

self = <tests.test_execution_agent.TestExecutionAgent object at 0x00000218A7195B50>

    async def test_reversal_detected(self) -> None:
        """Reversal signal should be reflected in output."""
        engine = PaperTradingEngine()
        agent = ExecutionAgent(engine=engine)
    
        # Open long first
        engine.execute_signal("BTC-USD", "long", 1.0, 50000.0)
    
        # Now execute opposite direction via agent
        result = await agent.process(
            ExecutionInput(
                symbol="BTC-USD",
                candles=default_candles(),
                market_analyst_output={
                    "confidence": 80.0,
                    "direction": "short",
                    "indicators": {},
                    "rationale": "Bearish reversal",
                },
                risk_output=approved_risk_output(),
            )
        )
        # Should have executed (reversal closes old, opens new)
>       assert result["executed"] is True
               ^^^^^^^^^^^^^^^^^^
E       TypeError: 'ExecutionOutput' object is not subscriptable

tests\test_execution_agent.py:262: TypeError
___________________ TestExecutionAgent.test_short_execution ___________________

self = <tests.test_execution_agent.TestExecutionAgent object at 0x00000218A5FFAD50>

    async def test_short_execution(self) -> None:
        """Short direction should execute correctly."""
        engine = PaperTradingEngine()
        agent = ExecutionAgent(engine=engine)
    
        result = await agent.process(
            ExecutionInput(
                symbol="ETH-USD",
                candles=[make_candle(3000.0)],
                market_analyst_output={
                    "confidence": 75.0,
                    "direction": "short",
                    "indicators": {},
                    "rationale": "Overbought",
                },
                risk_output=approved_risk_output(),
            )
        )
>       assert result["executed"] is True
               ^^^^^^^^^^^^^^^^^^
E       TypeError: 'ExecutionOutput' object is not subscriptable

tests\test_execution_agent.py:283: TypeError
_____________________ test_stub_connectors_implement_abc ______________________

    def test_stub_connectors_implement_abc() -> None:
        """All stub connectors should be concrete (instantiable) subclasses."""
        from live_trading.exchange.bybit import BybitConnector
        from live_trading.exchange.zerodha import ZerodhaStubConnector
        from live_trading.exchange.ibkr import IbkrStubConnector
    
        for cls in [BybitConnector, ZerodhaStubConnector, IbkrStubConnector]:
>           instance = cls({})
                       ^^^^^^^
E           TypeError: Can't instantiate abstract class BybitConnector without an implementation for abstract method 'cancel_all_orders'

tests\test_live_trading\test_exchange_base.py:61: TypeError
_________ TestBinanceConnectorErrors.test_create_order_network_error __________

self = <test_exchange_binance.TestBinanceConnectorErrors object at 0x00000218ABA04910>
mock_binance_ctor = <MagicMock name='binance' id='2304997216272'>

    @patch("live_trading.exchange.binance.ccxt.binance")
    async def test_create_order_network_error(self, mock_binance_ctor) -> None:
        exchange = MagicMock()
        exchange.load_markets = AsyncMock()
        exchange.fetch_balance = AsyncMock(
            return_value={"free": {"USDT": 1000.0}, "total": {}, "used": {}}
        )
        exchange.create_order = AsyncMock(side_effect=ccxt.NetworkError("timeout"))
        mock_binance_ctor.return_value = exchange
    
        conn = BinanceConnector({"api_key": "key", "secret": "secret", "testnet": True})
        await conn.connect()
    
>       with pytest.raises(ExchangeConnectionError):
             ^^^^^^^^^^^^^^^^^^^^^^^^^^^^^^^^^^^^^^
E       Failed: DID NOT RAISE ExchangeConnectionError

tests\test_live_trading\test_exchange_binance.py:226: Failed
_______ TestBinanceConnectorErrors.test_create_order_insufficient_funds _______

self = <test_exchange_binance.TestBinanceConnectorErrors object at 0x00000218ABA04A50>
mock_binance_ctor = <MagicMock name='binance' id='2304997219632'>

    @patch("live_trading.exchange.binance.ccxt.binance")
    async def test_create_order_insufficient_funds(self, mock_binance_ctor) -> None:
        exchange = MagicMock()
        exchange.load_markets = AsyncMock()
        exchange.fetch_balance = AsyncMock(
            return_value={"free": {"USDT": 1000.0}, "total": {}, "used": {}}
        )
        exchange.create_order = AsyncMock(side_effect=ccxt.InsufficientFunds("balance low"))
        mock_binance_ctor.return_value = exchange
    
        conn = BinanceConnector({"api_key": "key", "secret": "secret", "testnet": True})
        await conn.connect()
    
>       with pytest.raises(OrderRejectedError):
             ^^^^^^^^^^^^^^^^^^^^^^^^^^^^^^^^^
E       Failed: DID NOT RAISE OrderRejectedError

tests\test_live_trading\test_exchange_binance.py:242: Failed
________________________ TestBybitConnector.test_init _________________________

self = <test_exchange_bybit.TestBybitConnector object at 0x00000218ABA04E10>

    def test_init(self):
>       conn = BybitConnector({"api_key": "k", "secret": "s"})
               ^^^^^^^^^^^^^^^^^^^^^^^^^^^^^^^^^^^^^^^^^^^^^^^
E       TypeError: Can't instantiate abstract class BybitConnector without an implementation for abstract method 'cancel_all_orders'

tests\test_live_trading\test_exchange_bybit.py:76: TypeError
___________________ TestBybitConnector.test_connect_success ___________________

self = <test_exchange_bybit.TestBybitConnector object at 0x00000218ABA05310>
mock_bybit_ctor = <MagicMock name='bybit' id='2304997222992'>
mock_ccxt_exchange = <MagicMock name='bybit()' id='2304997223328'>

    @patch("live_trading.exchange.bybit.ccxt.bybit")
    async def test_connect_success(self, mock_bybit_ctor, mock_ccxt_exchange):
        mock_bybit_ctor.return_value = mock_ccxt_exchange
>       conn = BybitConnector({"api_key": "key", "secret": "secret", "testnet": True})
               ^^^^^^^^^^^^^^^^^^^^^^^^^^^^^^^^^^^^^^^^^^^^^^^^^^^^^^^^^^^^^^^^^^^^^^^
E       TypeError: Can't instantiate abstract class BybitConnector without an implementation for abstract method 'cancel_all_orders'

tests\test_live_trading\test_exchange_bybit.py:83: TypeError
___________________ TestBybitConnector.test_connect_no_keys ___________________

self = <test_exchange_bybit.TestBybitConnector object at 0x00000218AB8E75C0>
mock_bybit_ctor = <MagicMock name='bybit' id='2304997222320'>

    @patch("live_trading.exchange.bybit.ccxt.bybit")
    async def test_connect_no_keys(self, mock_bybit_ctor):
        """Should connect without authentication (read-only mode)."""
        mock_exchange = MagicMock()
        mock_exchange.load_markets = AsyncMock()
        mock_bybit_ctor.return_value = mock_exchange
    
>       conn = BybitConnector({"testnet": True})
               ^^^^^^^^^^^^^^^^^^^^^^^^^^^^^^^^^
E       TypeError: Can't instantiate abstract class BybitConnector without an implementation for abstract method 'cancel_all_orders'

tests\test_live_trading\test_exchange_bybit.py:97: TypeError
________________ TestBybitConnector.test_connect_auth_failure _________________

self = <test_exchange_bybit.TestBybitConnector object at 0x00000218AB8E76F0>
mock_bybit_ctor = <MagicMock name='bybit' id='2304997220976'>

    @patch("live_trading.exchange.bybit.ccxt.bybit")
    async def test_connect_auth_failure(self, mock_bybit_ctor):
        mock_exchange = MagicMock()
        mock_exchange.load_markets = AsyncMock(side_effect=ccxt.AuthenticationError("Invalid API key"))
        mock_bybit_ctor.return_value = mock_exchange
    
>       conn = BybitConnector({"api_key": "bad", "secret": "bad", "testnet": True})
               ^^^^^^^^^^^^^^^^^^^^^^^^^^^^^^^^^^^^^^^^^^^^^^^^^^^^^^^^^^^^^^^^^^^^
E       TypeError: Can't instantiate abstract class BybitConnector without an implementation for abstract method 'cancel_all_orders'

tests\test_live_trading\test_exchange_bybit.py:109: TypeError
________________ TestBybitConnector.test_connect_network_error ________________

self = <test_exchange_bybit.TestBybitConnector object at 0x00000218AB9A5FD0>
mock_bybit_ctor = <MagicMock name='bybit' id='2304997220640'>

    @patch("live_trading.exchange.bybit.ccxt.bybit")
    async def test_connect_network_error(self, mock_bybit_ctor):
        mock_exchange = MagicMock()
        mock_exchange.load_markets = AsyncMock(side_effect=ccxt.NetworkError("connection refused"))
        mock_bybit_ctor.return_value = mock_exchange
    
>       conn = BybitConnector({"api_key": "key", "secret": "secret", "testnet": True})
               ^^^^^^^^^^^^^^^^^^^^^^^^^^^^^^^^^^^^^^^^^^^^^^^^^^^^^^^^^^^^^^^^^^^^^^^
E       TypeError: Can't instantiate abstract class BybitConnector without an implementation for abstract method 'cancel_all_orders'

tests\test_live_trading\test_exchange_bybit.py:121: TypeError
_____________________ TestBybitConnector.test_get_balance _____________________

self = <test_exchange_bybit.TestBybitConnector object at 0x00000218AB927AC0>
mock_bybit_ctor = <MagicMock name='bybit' id='2304997216944'>
mock_ccxt_exchange = <MagicMock name='bybit()' id='2304997217616'>

    @patch("live_trading.exchange.bybit.ccxt.bybit")
    async def test_get_balance(self, mock_bybit_ctor, mock_ccxt_exchange):
        mock_bybit_ctor.return_value = mock_ccxt_exchange
>       conn = BybitConnector({"api_key": "key", "secret": "secret", "testnet": True})
               ^^^^^^^^^^^^^^^^^^^^^^^^^^^^^^^^^^^^^^^^^^^^^^^^^^^^^^^^^^^^^^^^^^^^^^^
E       TypeError: Can't instantiate abstract class BybitConnector without an implementation for abstract method 'cancel_all_orders'

tests\test_live_trading\test_exchange_bybit.py:137: TypeError
____________________ TestBybitConnector.test_create_order _____________________

self = <test_exchange_bybit.TestBybitConnector object at 0x00000218AB9DAA50>
mock_bybit_ctor = <MagicMock name='bybit' id='2304997212912'>
mock_ccxt_exchange = <MagicMock name='bybit()' id='2304997212240'>

    @patch("live_trading.exchange.bybit.ccxt.bybit")
    async def test_create_order(self, mock_bybit_ctor, mock_ccxt_exchange):
        mock_bybit_ctor.return_value = mock_ccxt_exchange
>       conn = BybitConnector({"api_key": "key", "secret": "secret", "testnet": True})
               ^^^^^^^^^^^^^^^^^^^^^^^^^^^^^^^^^^^^^^^^^^^^^^^^^^^^^^^^^^^^^^^^^^^^^^^
E       TypeError: Can't instantiate abstract class BybitConnector without an implementation for abstract method 'cancel_all_orders'

tests\test_live_trading\test_exchange_bybit.py:153: TypeError
___________ TestBybitConnector.test_create_order_insufficient_funds ___________

self = <test_exchange_bybit.TestBybitConnector object at 0x00000218AB9F7200>
mock_bybit_ctor = <MagicMock name='bybit' id='2304993998704'>

    @patch("live_trading.exchange.bybit.ccxt.bybit")
    async def test_create_order_insufficient_funds(self, mock_bybit_ctor):
        exchange = MagicMock()
        exchange.load_markets = AsyncMock()
        exchange.fetch_balance = AsyncMock(return_value={"free": {}, "total": {}, "used": {}})
        exchange.create_order = AsyncMock(side_effect=ccxt.InsufficientFunds("balance too low"))
        mock_bybit_ctor.return_value = exchange
    
>       conn = BybitConnector({"api_key": "key", "secret": "secret", "testnet": True})
               ^^^^^^^^^^^^^^^^^^^^^^^^^^^^^^^^^^^^^^^^^^^^^^^^^^^^^^^^^^^^^^^^^^^^^^^
E       TypeError: Can't instantiate abstract class BybitConnector without an implementation for abstract method 'cancel_all_orders'

tests\test_live_trading\test_exchange_bybit.py:171: TypeError
____________________ TestBybitConnector.test_cancel_order _____________________

self = <test_exchange_bybit.TestBybitConnector object at 0x00000218AB9F74D0>
mock_bybit_ctor = <MagicMock name='bybit' id='2304996459584'>
mock_ccxt_exchange = <MagicMock name='bybit()' id='2304996461600'>

    @patch("live_trading.exchange.bybit.ccxt.bybit")
    async def test_cancel_order(self, mock_bybit_ctor, mock_ccxt_exchange):
        mock_bybit_ctor.return_value = mock_ccxt_exchange
>       conn = BybitConnector({"api_key": "key", "secret": "secret", "testnet": True})
               ^^^^^^^^^^^^^^^^^^^^^^^^^^^^^^^^^^^^^^^^^^^^^^^^^^^^^^^^^^^^^^^^^^^^^^^
E       TypeError: Can't instantiate abstract class BybitConnector without an implementation for abstract method 'cancel_all_orders'

tests\test_live_trading\test_exchange_bybit.py:180: TypeError
__________________ TestBybitConnector.test_get_order_status ___________________

self = <test_exchange_bybit.TestBybitConnector object at 0x00000218ABA22C10>
mock_bybit_ctor = <MagicMock name='bybit' id='2304996465968'>
mock_ccxt_exchange = <MagicMock name='bybit()' id='2304996467648'>

    @patch("live_trading.exchange.bybit.ccxt.bybit")
    async def test_get_order_status(self, mock_bybit_ctor, mock_ccxt_exchange):
        mock_bybit_ctor.return_value = mock_ccxt_exchange
>       conn = BybitConnector({"api_key": "key", "secret": "secret", "testnet": True})
               ^^^^^^^^^^^^^^^^^^^^^^^^^^^^^^^^^^^^^^^^^^^^^^^^^^^^^^^^^^^^^^^^^^^^^^^
E       TypeError: Can't instantiate abstract class BybitConnector without an implementation for abstract method 'cancel_all_orders'

tests\test_live_trading\test_exchange_bybit.py:190: TypeError
_____________________ TestBybitConnector.test_get_ticker ______________________

self = <test_exchange_bybit.TestBybitConnector object at 0x00000218ABA23070>
mock_bybit_ctor = <MagicMock name='bybit' id='2304996462944'>
mock_ccxt_exchange = <MagicMock name='bybit()' id='2304997474384'>

    @patch("live_trading.exchange.bybit.ccxt.bybit")
    async def test_get_ticker(self, mock_bybit_ctor, mock_ccxt_exchange):
        mock_bybit_ctor.return_value = mock_ccxt_exchange
>       conn = BybitConnector({"api_key": "key", "secret": "secret", "testnet": True})
               ^^^^^^^^^^^^^^^^^^^^^^^^^^^^^^^^^^^^^^^^^^^^^^^^^^^^^^^^^^^^^^^^^^^^^^^
E       TypeError: Can't instantiate abstract class BybitConnector without an implementation for abstract method 'cancel_all_orders'

tests\test_live_trading\test_exchange_bybit.py:202: TypeError
_____________________ TestBybitConnector.test_fetch_ohlcv _____________________

self = <test_exchange_bybit.TestBybitConnector object at 0x00000218A70F5090>
mock_bybit_ctor = <MagicMock name='bybit' id='2304997479760'>
mock_ccxt_exchange = <MagicMock name='bybit()' id='2304997480096'>

    @patch("live_trading.exchange.bybit.ccxt.bybit")
    async def test_fetch_ohlcv(self, mock_bybit_ctor, mock_ccxt_exchange):
        mock_bybit_ctor.return_value = mock_ccxt_exchange
>       conn = BybitConnector({"api_key": "key", "secret": "secret", "testnet": True})
               ^^^^^^^^^^^^^^^^^^^^^^^^^^^^^^^^^^^^^^^^^^^^^^^^^^^^^^^^^^^^^^^^^^^^^^^
E       TypeError: Can't instantiate abstract class BybitConnector without an implementation for abstract method 'cancel_all_orders'

tests\test_live_trading\test_exchange_bybit.py:213: TypeError
___________________ TestBybitConnector.test_to_ccxt_symbol ____________________

self = <test_exchange_bybit.TestBybitConnector object at 0x00000218AB97D310>

    def test_to_ccxt_symbol(self):
>       conn = BybitConnector({"testnet": True})
               ^^^^^^^^^^^^^^^^^^^^^^^^^^^^^^^^^
E       TypeError: Can't instantiate abstract class BybitConnector without an implementation for abstract method 'cancel_all_orders'

tests\test_live_trading\test_exchange_bybit.py:222: TypeError
_______________________ TestCoinbaseConnector.test_init _______________________

self = <test_exchange_coinbase.TestCoinbaseConnector object at 0x00000218ABA05450>

    def test_init(self):
>       conn = CoinbaseConnector({"api_key": "k", "secret": "s"})
               ^^^^^^^^^^^^^^^^^^^^^^^^^^^^^^^^^^^^^^^^^^^^^^^^^^
E       TypeError: Can't instantiate abstract class CoinbaseConnector without an implementation for abstract method 'cancel_all_orders'

tests\test_live_trading\test_exchange_coinbase.py:76: TypeError
_________________ TestCoinbaseConnector.test_connect_success __________________

self = <test_exchange_coinbase.TestCoinbaseConnector object at 0x00000218ABA05950>
mock_coinbase_ctor = <MagicMock name='coinbase' id='2304996459248'>
mock_ccxt_exchange = <MagicMock name='coinbase()' id='2304996461264'>

    @patch("live_trading.exchange.coinbase.ccxt.coinbase")
    async def test_connect_success(self, mock_coinbase_ctor, mock_ccxt_exchange):
        mock_coinbase_ctor.return_value = mock_ccxt_exchange
>       conn = CoinbaseConnector({"api_key": "key", "secret": "secret"})
               ^^^^^^^^^^^^^^^^^^^^^^^^^^^^^^^^^^^^^^^^^^^^^^^^^^^^^^^^^
E       TypeError: Can't instantiate abstract class CoinbaseConnector without an implementation for abstract method 'cancel_all_orders'

tests\test_live_trading\test_exchange_coinbase.py:83: TypeError
_________________ TestCoinbaseConnector.test_connect_no_keys __________________

self = <test_exchange_coinbase.TestCoinbaseConnector object at 0x00000218AB8E7A80>
mock_coinbase_ctor = <MagicMock name='coinbase' id='2304997221984'>

    @patch("live_trading.exchange.coinbase.ccxt.coinbase")
    async def test_connect_no_keys(self, mock_coinbase_ctor):
        """Should connect without authentication (read-only mode)."""
        mock_exchange = MagicMock()
        mock_exchange.load_markets = AsyncMock()
        mock_coinbase_ctor.return_value = mock_exchange
    
>       conn = CoinbaseConnector({})
               ^^^^^^^^^^^^^^^^^^^^^
E       TypeError: Can't instantiate abstract class CoinbaseConnector without an implementation for abstract method 'cancel_all_orders'

tests\test_live_trading\test_exchange_coinbase.py:97: TypeError
_______________ TestCoinbaseConnector.test_connect_auth_failure _______________

self = <test_exchange_coinbase.TestCoinbaseConnector object at 0x00000218AB8E7BB0>
mock_coinbase_ctor = <MagicMock name='coinbase' id='2304997222320'>

    @patch("live_trading.exchange.coinbase.ccxt.coinbase")
    async def test_connect_auth_failure(self, mock_coinbase_ctor):
        mock_exchange = MagicMock()
        mock_exchange.load_markets = AsyncMock(side_effect=ccxt.AuthenticationError("Invalid key"))
        mock_coinbase_ctor.return_value = mock_exchange
    
>       conn = CoinbaseConnector({"api_key": "bad", "secret": "bad"})
               ^^^^^^^^^^^^^^^^^^^^^^^^^^^^^^^^^^^^^^^^^^^^^^^^^^^^^^
E       TypeError: Can't instantiate abstract class CoinbaseConnector without an implementation for abstract method 'cancel_all_orders'

tests\test_live_trading\test_exchange_coinbase.py:109: TypeError
______________ TestCoinbaseConnector.test_connect_network_error _______________

self = <test_exchange_coinbase.TestCoinbaseConnector object at 0x00000218AB9A6330>
mock_coinbase_ctor = <MagicMock name='coinbase' id='2304997486144'>

    @patch("live_trading.exchange.coinbase.ccxt.coinbase")
    async def test_connect_network_error(self, mock_coinbase_ctor):
        mock_exchange = MagicMock()
        mock_exchange.load_markets = AsyncMock(side_effect=ccxt.NetworkError("timeout"))
        mock_coinbase_ctor.return_value = mock_exchange
    
>       conn = CoinbaseConnector({"api_key": "key", "secret": "secret"})
               ^^^^^^^^^^^^^^^^^^^^^^^^^^^^^^^^^^^^^^^^^^^^^^^^^^^^^^^^^
E       TypeError: Can't instantiate abstract class CoinbaseConnector without an implementation for abstract method 'cancel_all_orders'

tests\test_live_trading\test_exchange_coinbase.py:121: TypeError
___________________ TestCoinbaseConnector.test_get_balance ____________________

self = <test_exchange_coinbase.TestCoinbaseConnector object at 0x00000218ABA48270>
mock_coinbase_ctor = <MagicMock name='coinbase' id='2304997487824'>
mock_ccxt_exchange = <MagicMock name='coinbase()' id='2304997488160'>

    @patch("live_trading.exchange.coinbase.ccxt.coinbase")
    async def test_get_balance(self, mock_coinbase_ctor, mock_ccxt_exchange):
        mock_coinbase_ctor.return_value = mock_ccxt_exchange
>       conn = CoinbaseConnector({"api_key": "key", "secret": "secret"})
               ^^^^^^^^^^^^^^^^^^^^^^^^^^^^^^^^^^^^^^^^^^^^^^^^^^^^^^^^^
E       TypeError: Can't instantiate abstract class CoinbaseConnector without an implementation for abstract method 'cancel_all_orders'

tests\test_live_trading\test_exchange_coinbase.py:137: TypeError
___________________ TestCoinbaseConnector.test_create_order ___________________

self = <test_exchange_coinbase.TestCoinbaseConnector object at 0x00000218AB9DA250>
mock_coinbase_ctor = <MagicMock name='coinbase' id='2304997231648'>
mock_ccxt_exchange = <MagicMock name='coinbase()' id='2304997231984'>

    @patch("live_trading.exchange.coinbase.ccxt.coinbase")
    async def test_create_order(self, mock_coinbase_ctor, mock_ccxt_exchange):
        mock_coinbase_ctor.return_value = mock_ccxt_exchange
>       conn = CoinbaseConnector({"api_key": "key", "secret": "secret"})
               ^^^^^^^^^^^^^^^^^^^^^^^^^^^^^^^^^^^^^^^^^^^^^^^^^^^^^^^^^
E       TypeError: Can't instantiate abstract class CoinbaseConnector without an implementation for abstract method 'cancel_all_orders'

tests\test_live_trading\test_exchange_coinbase.py:152: TypeError
_________ TestCoinbaseConnector.test_create_order_insufficient_funds __________

self = <test_exchange_coinbase.TestCoinbaseConnector object at 0x00000218AB9F5130>
mock_coinbase_ctor = <MagicMock name='coinbase' id='2304997237024'>

    @patch("live_trading.exchange.coinbase.ccxt.coinbase")
    async def test_create_order_insufficient_funds(self, mock_coinbase_ctor):
        exchange = MagicMock()
        exchange.load_markets = AsyncMock()
        exchange.fetch_balance = AsyncMock(return_value={"free": {}, "total": {}, "used": {}})
        exchange.create_order = AsyncMock(side_effect=ccxt.InsufficientFunds("low balance"))
        mock_coinbase_ctor.return_value = exchange
    
>       conn = CoinbaseConnector({"api_key": "key", "secret": "secret"})
               ^^^^^^^^^^^^^^^^^^^^^^^^^^^^^^^^^^^^^^^^^^^^^^^^^^^^^^^^^
E       TypeError: Can't instantiate abstract class CoinbaseConnector without an implementation for abstract method 'cancel_all_orders'

tests\test_live_trading\test_exchange_coinbase.py:169: TypeError
___________________ TestCoinbaseConnector.test_cancel_order ___________________

self = <test_exchange_coinbase.TestCoinbaseConnector object at 0x00000218AB9F56D0>
mock_coinbase_ctor = <MagicMock name='coinbase' id='2304997239712'>
mock_ccxt_exchange = <MagicMock name='coinbase()' id='2304997240048'>

    @patch("live_trading.exchange.coinbase.ccxt.coinbase")
    async def test_cancel_order(self, mock_coinbase_ctor, mock_ccxt_exchange):
        mock_coinbase_ctor.return_value = mock_ccxt_exchange
>       conn = CoinbaseConnector({"api_key": "key", "secret": "secret"})
               ^^^^^^^^^^^^^^^^^^^^^^^^^^^^^^^^^^^^^^^^^^^^^^^^^^^^^^^^^
E       TypeError: Can't instantiate abstract class CoinbaseConnector without an implementation for abstract method 'cancel_all_orders'

tests\test_live_trading\test_exchange_coinbase.py:178: TypeError
_________________ TestCoinbaseConnector.test_get_order_status _________________

self = <test_exchange_coinbase.TestCoinbaseConnector object at 0x00000218AB9D2B30>
mock_coinbase_ctor = <MagicMock name='coinbase' id='2304997239040'>
mock_ccxt_exchange = <MagicMock name='coinbase()' id='2304997238368'>

    @patch("live_trading.exchange.coinbase.ccxt.coinbase")
    async def test_get_order_status(self, mock_coinbase_ctor, mock_ccxt_exchange):
        mock_coinbase_ctor.return_value = mock_ccxt_exchange
>       conn = CoinbaseConnector({"api_key": "key", "secret": "secret"})
               ^^^^^^^^^^^^^^^^^^^^^^^^^^^^^^^^^^^^^^^^^^^^^^^^^^^^^^^^^
E       TypeError: Can't instantiate abstract class CoinbaseConnector without an implementation for abstract method 'cancel_all_orders'

tests\test_live_trading\test_exchange_coinbase.py:188: TypeError
____________________ TestCoinbaseConnector.test_get_ticker ____________________

self = <test_exchange_coinbase.TestCoinbaseConnector object at 0x00000218AB9D35B0>
mock_coinbase_ctor = <MagicMock name='coinbase' id='2304997485136'>
mock_ccxt_exchange = <MagicMock name='coinbase()' id='2304997222320'>

    @patch("live_trading.exchange.coinbase.ccxt.coinbase")
    async def test_get_ticker(self, mock_coinbase_ctor, mock_ccxt_exchange):
        mock_coinbase_ctor.return_value = mock_ccxt_exchange
>       conn = CoinbaseConnector({"api_key": "key", "secret": "secret"})
               ^^^^^^^^^^^^^^^^^^^^^^^^^^^^^^^^^^^^^^^^^^^^^^^^^^^^^^^^^
E       TypeError: Can't instantiate abstract class CoinbaseConnector without an implementation for abstract method 'cancel_all_orders'

tests\test_live_trading\test_exchange_coinbase.py:200: TypeError
___________________ TestCoinbaseConnector.test_fetch_ohlcv ____________________

self = <test_exchange_coinbase.TestCoinbaseConnector object at 0x00000218AB557EE0>
mock_coinbase_ctor = <MagicMock name='coinbase' id='2304998444400'>
mock_ccxt_exchange = <MagicMock name='coinbase()' id='2304998444736'>

    @patch("live_trading.exchange.coinbase.ccxt.coinbase")
    async def test_fetch_ohlcv(self, mock_coinbase_ctor, mock_ccxt_exchange):
        mock_coinbase_ctor.return_value = mock_ccxt_exchange
>       conn = CoinbaseConnector({"api_key": "key", "secret": "secret"})
               ^^^^^^^^^^^^^^^^^^^^^^^^^^^^^^^^^^^^^^^^^^^^^^^^^^^^^^^^^
E       TypeError: Can't instantiate abstract class CoinbaseConnector without an implementation for abstract method 'cancel_all_orders'

tests\test_live_trading\test_exchange_coinbase.py:211: TypeError
__________________ TestCoinbaseConnector.test_to_ccxt_symbol __________________

self = <test_exchange_coinbase.TestCoinbaseConnector object at 0x00000218AB97D850>

    def test_to_ccxt_symbol(self):
>       conn = CoinbaseConnector({})
               ^^^^^^^^^^^^^^^^^^^^^
E       TypeError: Can't instantiate abstract class CoinbaseConnector without an implementation for abstract method 'cancel_all_orders'

tests\test_live_trading\test_exchange_coinbase.py:220: TypeError
________________________ TestKrakenConnector.test_init ________________________

self = <test_exchange_kraken.TestKrakenConnector object at 0x00000218ABA05A90>

    def test_init(self):
>       conn = KrakenConnector({"api_key": "k", "secret": "s"})
               ^^^^^^^^^^^^^^^^^^^^^^^^^^^^^^^^^^^^^^^^^^^^^^^^
E       TypeError: Can't instantiate abstract class KrakenConnector without an implementation for abstract method 'cancel_all_orders'

tests\test_live_trading\test_exchange_kraken.py:76: TypeError
__________________ TestKrakenConnector.test_connect_success ___________________

self = <test_exchange_kraken.TestKrakenConnector object at 0x00000218ABA05F90>
mock_kraken_ctor = <MagicMock name='kraken' id='2304998449776'>
mock_ccxt_exchange = <MagicMock name='kraken()' id='2304998450112'>

    @patch("live_trading.exchange.kraken.ccxt.kraken")
    async def test_connect_success(self, mock_kraken_ctor, mock_ccxt_exchange):
        mock_kraken_ctor.return_value = mock_ccxt_exchange
>       conn = KrakenConnector({"api_key": "key", "secret": "secret", "testnet": True})
               ^^^^^^^^^^^^^^^^^^^^^^^^^^^^^^^^^^^^^^^^^^^^^^^^^^^^^^^^^^^^^^^^^^^^^^^^
E       TypeError: Can't instantiate abstract class KrakenConnector without an implementation for abstract method 'cancel_all_orders'

tests\test_live_trading\test_exchange_kraken.py:83: TypeError
__________________ TestKrakenConnector.test_connect_no_keys ___________________

self = <test_exchange_kraken.TestKrakenConnector object at 0x00000218ABA74050>
mock_kraken_ctor = <MagicMock name='kraken' id='2304998455152'>

    @patch("live_trading.exchange.kraken.ccxt.kraken")
    async def test_connect_no_keys(self, mock_kraken_ctor):
        """Should connect without authentication (read-only mode)."""
        mock_exchange = MagicMock()
        mock_exchange.load_markets = AsyncMock()
        mock_kraken_ctor.return_value = mock_exchange
    
>       conn = KrakenConnector({"testnet": True})
               ^^^^^^^^^^^^^^^^^^^^^^^^^^^^^^^^^^
E       TypeError: Can't instantiate abstract class KrakenConnector without an implementation for abstract method 'cancel_all_orders'

tests\test_live_trading\test_exchange_kraken.py:97: TypeError
________________ TestKrakenConnector.test_connect_auth_failure ________________

self = <test_exchange_kraken.TestKrakenConnector object at 0x00000218ABA74180>
mock_kraken_ctor = <MagicMock name='kraken' id='2304998456832'>

    @patch("live_trading.exchange.kraken.ccxt.kraken")
    async def test_connect_auth_failure(self, mock_kraken_ctor):
        mock_exchange = MagicMock()
        mock_exchange.load_markets = AsyncMock(side_effect=ccxt.AuthenticationError("Invalid key"))
        mock_kraken_ctor.return_value = mock_exchange
    
>       conn = KrakenConnector({"api_key": "bad", "secret": "bad", "testnet": True})
               ^^^^^^^^^^^^^^^^^^^^^^^^^^^^^^^^^^^^^^^^^^^^^^^^^^^^^^^^^^^^^^^^^^^^^
E       TypeError: Can't instantiate abstract class KrakenConnector without an implementation for abstract method 'cancel_all_orders'

tests\test_live_trading\test_exchange_kraken.py:109: TypeError
_______________ TestKrakenConnector.test_connect_network_error ________________

self = <test_exchange_kraken.TestKrakenConnector object at 0x00000218AB9A67B0>
mock_kraken_ctor = <MagicMock name='kraken' id='2304998704192'>

    @patch("live_trading.exchange.kraken.ccxt.kraken")
    async def test_connect_network_error(self, mock_kraken_ctor):
        mock_exchange = MagicMock()
        mock_exchange.load_markets = AsyncMock(side_effect=ccxt.NetworkError("connection refused"))
        mock_kraken_ctor.return_value = mock_exchange
    
>       conn = KrakenConnector({"api_key": "key", "secret": "secret", "testnet": True})
               ^^^^^^^^^^^^^^^^^^^^^^^^^^^^^^^^^^^^^^^^^^^^^^^^^^^^^^^^^^^^^^^^^^^^^^^^
E       TypeError: Can't instantiate abstract class KrakenConnector without an implementation for abstract method 'cancel_all_orders'

tests\test_live_trading\test_exchange_kraken.py:121: TypeError
____________________ TestKrakenConnector.test_get_balance _____________________

self = <test_exchange_kraken.TestKrakenConnector object at 0x00000218ABA488D0>
mock_kraken_ctor = <MagicMock name='kraken' id='2304998705872'>
mock_ccxt_exchange = <MagicMock name='kraken()' id='2304998706208'>

    @patch("live_trading.exchange.kraken.ccxt.kraken")
    async def test_get_balance(self, mock_kraken_ctor, mock_ccxt_exchange):
        mock_kraken_ctor.return_value = mock_ccxt_exchange
>       conn = KrakenConnector({"api_key": "key", "secret": "secret", "testnet": True})
               ^^^^^^^^^^^^^^^^^^^^^^^^^^^^^^^^^^^^^^^^^^^^^^^^^^^^^^^^^^^^^^^^^^^^^^^^
E       TypeError: Can't instantiate abstract class KrakenConnector without an implementation for abstract method 'cancel_all_orders'

tests\test_live_trading\test_exchange_kraken.py:137: TypeError
____________________ TestKrakenConnector.test_create_order ____________________

self = <test_exchange_kraken.TestKrakenConnector object at 0x00000218ABA70850>
mock_kraken_ctor = <MagicMock name='kraken' id='2304998456832'>
mock_ccxt_exchange = <MagicMock name='kraken()' id='2304998456160'>

    @patch("live_trading.exchange.kraken.ccxt.kraken")
    async def test_create_order(self, mock_kraken_ctor, mock_ccxt_exchange):
        mock_kraken_ctor.return_value = mock_ccxt_exchange
>       conn = KrakenConnector({"api_key": "key", "secret": "secret", "testnet": True})
               ^^^^^^^^^^^^^^^^^^^^^^^^^^^^^^^^^^^^^^^^^^^^^^^^^^^^^^^^^^^^^^^^^^^^^^^^
E       TypeError: Can't instantiate abstract class KrakenConnector without an implementation for abstract method 'cancel_all_orders'

tests\test_live_trading\test_exchange_kraken.py:152: TypeError
__________ TestKrakenConnector.test_create_order_insufficient_funds ___________

self = <test_exchange_kraken.TestKrakenConnector object at 0x00000218ABA46D50>
mock_kraken_ctor = <MagicMock name='kraken' id='2304998712256'>

    @patch("live_trading.exchange.kraken.ccxt.kraken")
    async def test_create_order_insufficient_funds(self, mock_kraken_ctor):
        exchange = MagicMock()
        exchange.load_markets = AsyncMock()
        exchange.fetch_balance = AsyncMock(return_value={"free": {}, "total": {}, "used": {}})
        exchange.create_order = AsyncMock(side_effect=ccxt.InsufficientFunds("low balance"))
        mock_kraken_ctor.return_value = exchange
    
>       conn = KrakenConnector({"api_key": "key", "secret": "secret", "testnet": True})
               ^^^^^^^^^^^^^^^^^^^^^^^^^^^^^^^^^^^^^^^^^^^^^^^^^^^^^^^^^^^^^^^^^^^^^^^^
E       TypeError: Can't instantiate abstract class KrakenConnector without an implementation for abstract method 'cancel_all_orders'

tests\test_live_trading\test_exchange_kraken.py:169: TypeError
____________________ TestKrakenConnector.test_cancel_order ____________________

self = <test_exchange_kraken.TestKrakenConnector object at 0x00000218AB9F54F0>
mock_kraken_ctor = <MagicMock name='kraken' id='2304998714944'>
mock_ccxt_exchange = <MagicMock name='kraken()' id='2304998715280'>

    @patch("live_trading.exchange.kraken.ccxt.kraken")
    async def test_cancel_order(self, mock_kraken_ctor, mock_ccxt_exchange):
        mock_kraken_ctor.return_value = mock_ccxt_exchange
>       conn = KrakenConnector({"api_key": "key", "secret": "secret", "testnet": True})
               ^^^^^^^^^^^^^^^^^^^^^^^^^^^^^^^^^^^^^^^^^^^^^^^^^^^^^^^^^^^^^^^^^^^^^^^^
E       TypeError: Can't instantiate abstract class KrakenConnector without an implementation for abstract method 'cancel_all_orders'

tests\test_live_trading\test_exchange_kraken.py:178: TypeError
__________________ TestKrakenConnector.test_get_order_status __________________

self = <test_exchange_kraken.TestKrakenConnector object at 0x00000218ABA4F770>
mock_kraken_ctor = <MagicMock name='kraken' id='2304998949952'>
mock_ccxt_exchange = <MagicMock name='kraken()' id='2304998950288'>

    @patch("live_trading.exchange.kraken.ccxt.kraken")
    async def test_get_order_status(self, mock_kraken_ctor, mock_ccxt_exchange):
        mock_kraken_ctor.return_value = mock_ccxt_exchange
>       conn = KrakenConnector({"api_key": "key", "secret": "secret", "testnet": True})
               ^^^^^^^^^^^^^^^^^^^^^^^^^^^^^^^^^^^^^^^^^^^^^^^^^^^^^^^^^^^^^^^^^^^^^^^^
E       TypeError: Can't instantiate abstract class KrakenConnector without an implementation for abstract method 'cancel_all_orders'

tests\test_live_trading\test_exchange_kraken.py:188: TypeError
_____________________ TestKrakenConnector.test_get_ticker _____________________

self = <test_exchange_kraken.TestKrakenConnector object at 0x00000218ABA4EF90>
mock_kraken_ctor = <MagicMock name='kraken' id='2304998955328'>
mock_ccxt_exchange = <MagicMock name='kraken()' id='2304998955664'>

    @patch("live_trading.exchange.kraken.ccxt.kraken")
    async def test_get_ticker(self, mock_kraken_ctor, mock_ccxt_exchange):
        mock_kraken_ctor.return_value = mock_ccxt_exchange
>       conn = KrakenConnector({"api_key": "key", "secret": "secret", "testnet": True})
               ^^^^^^^^^^^^^^^^^^^^^^^^^^^^^^^^^^^^^^^^^^^^^^^^^^^^^^^^^^^^^^^^^^^^^^^^
E       TypeError: Can't instantiate abstract class KrakenConnector without an implementation for abstract method 'cancel_all_orders'

tests\test_live_trading\test_exchange_kraken.py:200: TypeError
____________________ TestKrakenConnector.test_fetch_ohlcv _____________________

self = <test_exchange_kraken.TestKrakenConnector object at 0x00000218AB987380>
mock_kraken_ctor = <MagicMock name='kraken' id='2304998960704'>
mock_ccxt_exchange = <MagicMock name='kraken()' id='2304998961040'>

    @patch("live_trading.exchange.kraken.ccxt.kraken")
    async def test_fetch_ohlcv(self, mock_kraken_ctor, mock_ccxt_exchange):
        mock_kraken_ctor.return_value = mock_ccxt_exchange
>       conn = KrakenConnector({"api_key": "key", "secret": "secret", "testnet": True})
               ^^^^^^^^^^^^^^^^^^^^^^^^^^^^^^^^^^^^^^^^^^^^^^^^^^^^^^^^^^^^^^^^^^^^^^^^
E       TypeError: Can't instantiate abstract class KrakenConnector without an implementation for abstract method 'cancel_all_orders'

tests\test_live_trading\test_exchange_kraken.py:211: TypeError
___________________ TestKrakenConnector.test_to_ccxt_symbol ___________________

self = <test_exchange_kraken.TestKrakenConnector object at 0x00000218AB97DCD0>

    def test_to_ccxt_symbol(self):
>       conn = KrakenConnector({"testnet": True})
               ^^^^^^^^^^^^^^^^^^^^^^^^^^^^^^^^^^
E       TypeError: Can't instantiate abstract class KrakenConnector without an implementation for abstract method 'cancel_all_orders'

tests\test_live_trading\test_exchange_kraken.py:220: TypeError
___________ TestRetryableErrorDetection.test_retryable_http_status ____________

self = <tests.test_retry.TestRetryableErrorDetection object at 0x00000218A1CA63F0>

    def test_retryable_http_status(self) -> None:
        """429, 500, 502, 503, 504 are retryable."""
        for code in [429, 500, 502, 503, 504]:
            err = _make_http_error(code)
>           assert is_retryable_error(err), f"Status {code} should be retryable"
E           AssertionError: Status 429 should be retryable
E           assert False
E            +  where False = is_retryable_error(_MockHTTPError('HTTP error 429'))

tests\test_retry.py:72: AssertionError
============================== warnings summary ===============================
..\AppData\Roaming\Python\Python314\site-packages\fastapi\routing.py:233: 54 warnings
tests/test_monitoring/test_metrics_middleware.py: 3 warnings
tests/test_security/test_auth.py: 9 warnings
tests/test_security/test_headers.py: 7 warnings
tests/test_security/test_rate_limit.py: 5 warnings
  C:\Users\ASUS\AppData\Roaming\Python\Python314\site-packages\fastapi\routing.py:233: DeprecationWarning: 'asyncio.iscoroutinefunction' is deprecated and slated for removal in Python 3.16; use inspect.iscoroutinefunction() instead
    is_coroutine = asyncio.iscoroutinefunction(dependant.call)

..\AppData\Roaming\Python\Python314\site-packages\starlette\_utils.py:40: 58 warnings
tests/test_live_trading/test_routes_live.py: 37 warnings
tests/test_monitoring/test_health_enriched.py: 12 warnings
tests/test_monitoring/test_metrics_middleware.py: 21 warnings
tests/test_security/test_auth.py: 66 warnings
tests/test_security/test_headers.py: 49 warnings
tests/test_security/test_rate_limit.py: 37 warnings
  C:\Users\ASUS\AppData\Roaming\Python\Python314\site-packages\starlette\_utils.py:40: DeprecationWarning: 'asyncio.iscoroutinefunction' is deprecated and slated for removal in Python 3.16; use inspect.iscoroutinefunction() instead
    return asyncio.iscoroutinefunction(obj) or (callable(obj) and asyncio.iscoroutinefunction(obj.__call__))

tests/test_monitoring/test_health_enriched.py: 38 warnings
  C:\Users\ASUS\AppData\Roaming\Python\Python314\site-packages\chromadb\telemetry\opentelemetry\__init__.py:128: DeprecationWarning: 'asyncio.iscoroutinefunction' is deprecated and slated for removal in Python 3.16; use inspect.iscoroutinefunction() instead
    if asyncio.iscoroutinefunction(f):

tests/test_supervisor.py::TestSupervisorRun::test_run_returns_state
  C:\Python314\Lib\typing.py:433: RuntimeWarning: coroutine 'Connection._cancel' was never awaited
    def _eval_type(t, globalns, localns, type_params=_sentinel, *, recursive_guard=frozenset(),
  Enable tracemalloc to get traceback where the object was allocated.
  See https://docs.pytest.org/en/stable/how-to/capture-warnings.html#resource-warnings for more info.

-- Docs: https://docs.pytest.org/en/stable/how-to/capture-warnings.html
=============================== tests coverage ================================
_______________ coverage: platform win32, python 3.14.5-final-0 _______________

Name                                Stmts   Miss  Cover
-------------------------------------------------------
agents\__init__.py                     22      0   100%
agents\base.py                         64      2    97%
agents\circuit_breaker.py              76      0   100%
agents\client.py                      138     77    44%
agents\consensus.py                    33      0   100%
agents\execution.py                    98     24    76%
agents\improvement.py                 147      7    95%
agents\indicators.py                  168      8    95%
agents\journal.py                     126     29    77%
agents\log.py                          38     12    68%
agents\market_analyst.py              197     18    91%
agents\memory.py                       53      0   100%
agents\models.py                       51      0   100%
agents\quant.py                       269     17    94%
agents\queue.py                        68      8    88%
agents\reflection.py                  134      7    95%
agents\registry.py                     45      0   100%
agents\retry.py                        79      9    89%
agents\risk.py                        188     21    89%
agents\router.py                       77     12    84%
agents\state.py                        95      1    99%
agents\supervisor.py                  279     71    75%
agents\vision.py                      120     10    92%
backend\__init__.py                     0      0   100%
backend\core\__init__.py                0      0   100%
backend\core\config.py                  3      0   100%
backend\core\dependencies.py           36      8    78%
backend\core\exceptions.py             17      0   100%
backend\core\logging.py                23      0   100%
backend\core\metrics.py                38      3    92%
backend\core\rate_limit.py             42      0   100%
backend\core\security.py               12      0   100%
backend\data\__init__.py                0      0   100%
backend\data\cache.py                  95     53    44%
backend\data\ingestor.py               73     14    81%
backend\data\models.py                114      1    99%
backend\data\repository.py             72     30    58%
backend\data\sources\__init__.py        0      0   100%
backend\data\sources\base.py           15      1    93%
backend\data\sources\binance.py        49      8    84%
backend\data\sources\coingecko.py      60      6    90%
backend\data\sources\registry.py       30      5    83%
backend\data\sources\yahoo.py          75     11    85%
backend\main.py                        61      4    93%
backend\routers\__init__.py             7      0   100%
backend\routers\agents.py              37     23    38%
backend\routers\analysis.py           125     94    25%
backend\routers\journal.py             29     16    45%
backend\routers\live.py               130     30    77%
backend\routers\monitoring.py          16      7    56%
backend\routers\trading.py             50     32    36%
backtesting\__init__.py                 2      0   100%
backtesting\engine.py                 248      0   100%
database\__init__.py                    0      0   100%
database\connection.py                 22      8    64%
live_trading\__init__.py                8      0   100%
live_trading\audit.py                  31      0   100%
live_trading\engine.py                108     16    85%
live_trading\exceptions.py              6      0   100%
live_trading\exchange\__init__.py      25     21    16%
live_trading\exchange\base.py          56      0   100%
live_trading\exchange\binance.py      118     30    75%
live_trading\exchange\bybit.py        110     87    21%
live_trading\exchange\coinbase.py     105     83    21%
live_trading\exchange\ibkr.py          30     15    50%
live_trading\exchange\kraken.py       111     88    21%
live_trading\exchange\zerodha.py       30     15    50%
live_trading\safety.py                 79      2    97%
paper_trading\__init__.py               0      0   100%
paper_trading\engine.py               147      1    99%
-------------------------------------------------------
TOTAL                                5010   1045    79%
Coverage HTML written to dir htmlcov
FAIL Required test coverage of 80% not reached. Total coverage: 79.14%
=========================== short test summary info ===========================
FAILED tests/test_config.py::test_vision_agent_fallback_count - AssertionErro...
FAILED tests/test_execution_agent.py::TestExecutionAgent::test_output_structure
FAILED tests/test_execution_agent.py::TestExecutionAgent::test_executed_true_on_approval
FAILED tests/test_execution_agent.py::TestExecutionAgent::test_executed_false_no_risk_output
FAILED tests/test_execution_agent.py::TestExecutionAgent::test_executed_false_risk_rejected
FAILED tests/test_execution_agent.py::TestExecutionAgent::test_executed_false_flat_direction
FAILED tests/test_execution_agent.py::TestExecutionAgent::test_executed_false_no_market_analyst
FAILED tests/test_execution_agent.py::TestExecutionAgent::test_fill_price_from_latest_candle
FAILED tests/test_execution_agent.py::TestExecutionAgent::test_empty_candles
FAILED tests/test_execution_agent.py::TestExecutionAgent::test_reversal_detected
FAILED tests/test_execution_agent.py::TestExecutionAgent::test_short_execution
FAILED tests/test_live_trading/test_exchange_base.py::test_stub_connectors_implement_abc
FAILED tests/test_live_trading/test_exchange_binance.py::TestBinanceConnectorErrors::test_create_order_network_error
FAILED tests/test_live_trading/test_exchange_binance.py::TestBinanceConnectorErrors::test_create_order_insufficient_funds
FAILED tests/test_live_trading/test_exchange_bybit.py::TestBybitConnector::test_init
FAILED tests/test_live_trading/test_exchange_bybit.py::TestBybitConnector::test_connect_success
FAILED tests/test_live_trading/test_exchange_bybit.py::TestBybitConnector::test_connect_no_keys
FAILED tests/test_live_trading/test_exchange_bybit.py::TestBybitConnector::test_connect_auth_failure
FAILED tests/test_live_trading/test_exchange_bybit.py::TestBybitConnector::test_connect_network_error
FAILED tests/test_live_trading/test_exchange_bybit.py::TestBybitConnector::test_get_balance
FAILED tests/test_live_trading/test_exchange_bybit.py::TestBybitConnector::test_create_order
FAILED tests/test_live_trading/test_exchange_bybit.py::TestBybitConnector::test_create_order_insufficient_funds
FAILED tests/test_live_trading/test_exchange_bybit.py::TestBybitConnector::test_cancel_order
FAILED tests/test_live_trading/test_exchange_bybit.py::TestBybitConnector::test_get_order_status
FAILED tests/test_live_trading/test_exchange_bybit.py::TestBybitConnector::test_get_ticker
FAILED tests/test_live_trading/test_exchange_bybit.py::TestBybitConnector::test_fetch_ohlcv
FAILED tests/test_live_trading/test_exchange_bybit.py::TestBybitConnector::test_to_ccxt_symbol
FAILED tests/test_live_trading/test_exchange_coinbase.py::TestCoinbaseConnector::test_init
FAILED tests/test_live_trading/test_exchange_coinbase.py::TestCoinbaseConnector::test_connect_success
FAILED tests/test_live_trading/test_exchange_coinbase.py::TestCoinbaseConnector::test_connect_no_keys
FAILED tests/test_live_trading/test_exchange_coinbase.py::TestCoinbaseConnector::test_connect_auth_failure
FAILED tests/test_live_trading/test_exchange_coinbase.py::TestCoinbaseConnector::test_connect_network_error
FAILED tests/test_live_trading/test_exchange_coinbase.py::TestCoinbaseConnector::test_get_balance
FAILED tests/test_live_trading/test_exchange_coinbase.py::TestCoinbaseConnector::test_create_order
FAILED tests/test_live_trading/test_exchange_coinbase.py::TestCoinbaseConnector::test_create_order_insufficient_funds
FAILED tests/test_live_trading/test_exchange_coinbase.py::TestCoinbaseConnector::test_cancel_order
FAILED tests/test_live_trading/test_exchange_coinbase.py::TestCoinbaseConnector::test_get_order_status
FAILED tests/test_live_trading/test_exchange_coinbase.py::TestCoinbaseConnector::test_get_ticker
FAILED tests/test_live_trading/test_exchange_coinbase.py::TestCoinbaseConnector::test_fetch_ohlcv
FAILED tests/test_live_trading/test_exchange_coinbase.py::TestCoinbaseConnector::test_to_ccxt_symbol
FAILED tests/test_live_trading/test_exchange_kraken.py::TestKrakenConnector::test_init
FAILED tests/test_live_trading/test_exchange_kraken.py::TestKrakenConnector::test_connect_success
FAILED tests/test_live_trading/test_exchange_kraken.py::TestKrakenConnector::test_connect_no_keys
FAILED tests/test_live_trading/test_exchange_kraken.py::TestKrakenConnector::test_connect_auth_failure
FAILED tests/test_live_trading/test_exchange_kraken.py::TestKrakenConnector::test_connect_network_error
FAILED tests/test_live_trading/test_exchange_kraken.py::TestKrakenConnector::test_get_balance
FAILED tests/test_live_trading/test_exchange_kraken.py::TestKrakenConnector::test_create_order
FAILED tests/test_live_trading/test_exchange_kraken.py::TestKrakenConnector::test_create_order_insufficient_funds
FAILED tests/test_live_trading/test_exchange_kraken.py::TestKrakenConnector::test_cancel_order
FAILED tests/test_live_trading/test_exchange_kraken.py::TestKrakenConnector::test_get_order_status
FAILED tests/test_live_trading/test_exchange_kraken.py::TestKrakenConnector::test_get_ticker
FAILED tests/test_live_trading/test_exchange_kraken.py::TestKrakenConnector::test_fetch_ohlcv
FAILED tests/test_live_trading/test_exchange_kraken.py::TestKrakenConnector::test_to_ccxt_symbol
FAILED tests/test_retry.py::TestRetryableErrorDetection::test_retryable_http_status
ERROR tests/test_live_trading/test_exchange_bybit.py::TestBybitConnector::test_disconnect
ERROR tests/test_live_trading/test_exchange_bybit.py::TestBybitConnector::test_get_balance_not_connected
ERROR tests/test_live_trading/test_exchange_coinbase.py::TestCoinbaseConnector::test_disconnect
ERROR tests/test_live_trading/test_exchange_coinbase.py::TestCoinbaseConnector::test_get_balance_not_connected
ERROR tests/test_live_trading/test_exchange_kraken.py::TestKrakenConnector::test_disconnect
ERROR tests/test_live_trading/test_exchange_kraken.py::TestKrakenConnector::test_get_balance_not_connected
=========== 54 failed, 705 passed, 397 warnings, 6 errors in 31.03s ===========
